Archive member included to satisfy reference by file (symbol)

e:/program files/st/stm32cubeide_1.3.0/stm32cubeide/plugins/com.st.stm32cube.ide.mcu.externaltools.gnu-tools-for-stm32.7-2018-q2-update.win32_1.0.0.201904181610/tools/bin/../lib/gcc/arm-none-eabi/7.3.1/../../../../arm-none-eabi/lib/thumb/v6-m\libc_nano.a(lib_a-errno.o)
                              Core/Src/syscalls.o (__errno)
e:/program files/st/stm32cubeide_1.3.0/stm32cubeide/plugins/com.st.stm32cube.ide.mcu.externaltools.gnu-tools-for-stm32.7-2018-q2-update.win32_1.0.0.201904181610/tools/bin/../lib/gcc/arm-none-eabi/7.3.1/../../../../arm-none-eabi/lib/thumb/v6-m\libc_nano.a(lib_a-exit.o)
                              e:/program files/st/stm32cubeide_1.3.0/stm32cubeide/plugins/com.st.stm32cube.ide.mcu.externaltools.gnu-tools-for-stm32.7-2018-q2-update.win32_1.0.0.201904181610/tools/bin/../lib/gcc/arm-none-eabi/7.3.1/../../../../arm-none-eabi/lib/thumb/v6-m/crt0.o (exit)
e:/program files/st/stm32cubeide_1.3.0/stm32cubeide/plugins/com.st.stm32cube.ide.mcu.externaltools.gnu-tools-for-stm32.7-2018-q2-update.win32_1.0.0.201904181610/tools/bin/../lib/gcc/arm-none-eabi/7.3.1/../../../../arm-none-eabi/lib/thumb/v6-m\libc_nano.a(lib_a-impure.o)
                              e:/program files/st/stm32cubeide_1.3.0/stm32cubeide/plugins/com.st.stm32cube.ide.mcu.externaltools.gnu-tools-for-stm32.7-2018-q2-update.win32_1.0.0.201904181610/tools/bin/../lib/gcc/arm-none-eabi/7.3.1/../../../../arm-none-eabi/lib/thumb/v6-m\libc_nano.a(lib_a-exit.o) (_global_impure_ptr)
e:/program files/st/stm32cubeide_1.3.0/stm32cubeide/plugins/com.st.stm32cube.ide.mcu.externaltools.gnu-tools-for-stm32.7-2018-q2-update.win32_1.0.0.201904181610/tools/bin/../lib/gcc/arm-none-eabi/7.3.1/../../../../arm-none-eabi/lib/thumb/v6-m\libc_nano.a(lib_a-init.o)
                              e:/program files/st/stm32cubeide_1.3.0/stm32cubeide/plugins/com.st.stm32cube.ide.mcu.externaltools.gnu-tools-for-stm32.7-2018-q2-update.win32_1.0.0.201904181610/tools/bin/../lib/gcc/arm-none-eabi/7.3.1/../../../../arm-none-eabi/lib/thumb/v6-m/crt0.o (__libc_init_array)
e:/program files/st/stm32cubeide_1.3.0/stm32cubeide/plugins/com.st.stm32cube.ide.mcu.externaltools.gnu-tools-for-stm32.7-2018-q2-update.win32_1.0.0.201904181610/tools/bin/../lib/gcc/arm-none-eabi/7.3.1/../../../../arm-none-eabi/lib/thumb/v6-m\libc_nano.a(lib_a-memset.o)
                              e:/program files/st/stm32cubeide_1.3.0/stm32cubeide/plugins/com.st.stm32cube.ide.mcu.externaltools.gnu-tools-for-stm32.7-2018-q2-update.win32_1.0.0.201904181610/tools/bin/../lib/gcc/arm-none-eabi/7.3.1/../../../../arm-none-eabi/lib/thumb/v6-m/crt0.o (memset)
e:/program files/st/stm32cubeide_1.3.0/stm32cubeide/plugins/com.st.stm32cube.ide.mcu.externaltools.gnu-tools-for-stm32.7-2018-q2-update.win32_1.0.0.201904181610/tools/bin/../lib/gcc/arm-none-eabi/7.3.1/../../../../arm-none-eabi/lib/thumb/v6-m\libc_nano.a(lib_a-sprintf.o)
                              Core/Src/main.o (sprintf)
e:/program files/st/stm32cubeide_1.3.0/stm32cubeide/plugins/com.st.stm32cube.ide.mcu.externaltools.gnu-tools-for-stm32.7-2018-q2-update.win32_1.0.0.201904181610/tools/bin/../lib/gcc/arm-none-eabi/7.3.1/../../../../arm-none-eabi/lib/thumb/v6-m\libc_nano.a(lib_a-nano-svfprintf.o)
                              e:/program files/st/stm32cubeide_1.3.0/stm32cubeide/plugins/com.st.stm32cube.ide.mcu.externaltools.gnu-tools-for-stm32.7-2018-q2-update.win32_1.0.0.201904181610/tools/bin/../lib/gcc/arm-none-eabi/7.3.1/../../../../arm-none-eabi/lib/thumb/v6-m\libc_nano.a(lib_a-sprintf.o) (_svfprintf_r)
e:/program files/st/stm32cubeide_1.3.0/stm32cubeide/plugins/com.st.stm32cube.ide.mcu.externaltools.gnu-tools-for-stm32.7-2018-q2-update.win32_1.0.0.201904181610/tools/bin/../lib/gcc/arm-none-eabi/7.3.1/../../../../arm-none-eabi/lib/thumb/v6-m\libc_nano.a(lib_a-nano-vfprintf_i.o)
                              e:/program files/st/stm32cubeide_1.3.0/stm32cubeide/plugins/com.st.stm32cube.ide.mcu.externaltools.gnu-tools-for-stm32.7-2018-q2-update.win32_1.0.0.201904181610/tools/bin/../lib/gcc/arm-none-eabi/7.3.1/../../../../arm-none-eabi/lib/thumb/v6-m\libc_nano.a(lib_a-nano-svfprintf.o) (_printf_i)
e:/program files/st/stm32cubeide_1.3.0/stm32cubeide/plugins/com.st.stm32cube.ide.mcu.externaltools.gnu-tools-for-stm32.7-2018-q2-update.win32_1.0.0.201904181610/tools/bin/../lib/gcc/arm-none-eabi/7.3.1/../../../../arm-none-eabi/lib/thumb/v6-m\libc_nano.a(lib_a-memchr-stub.o)
                              e:/program files/st/stm32cubeide_1.3.0/stm32cubeide/plugins/com.st.stm32cube.ide.mcu.externaltools.gnu-tools-for-stm32.7-2018-q2-update.win32_1.0.0.201904181610/tools/bin/../lib/gcc/arm-none-eabi/7.3.1/../../../../arm-none-eabi/lib/thumb/v6-m\libc_nano.a(lib_a-nano-svfprintf.o) (memchr)
[...]
Memory Configuration

Name             Origin             Length             Attributes
RAM              0x0000000020000000 0x0000000000002000 xrw
FLASH            0x0000000008000000 0x0000000000010000 xr
*default*        0x0000000000000000 0xffffffffffffffff

Linker script and memory map

LOAD e:/program files/st/stm32cubeide_1.3.0/stm32cubeide/plugins/com.st.stm32cube.ide.mcu.externaltools.gnu-tools-for-stm32.7-2018-q2-update.win32_1.0.0.201904181610/tools/bin/../lib/gcc/arm-none-eabi/7.3.1/thumb/v6-m/crti.o
LOAD e:/program files/st/stm32cubeide_1.3.0/stm32cubeide/plugins/com.st.stm32cube.ide.mcu.externaltools.gnu-tools-for-stm32.7-2018-q2-update.win32_1.0.0.201904181610/tools/bin/../lib/gcc/arm-none-eabi/7.3.1/thumb/v6-m/crtbegin.o
LOAD e:/program files/st/stm32cubeide_1.3.0/stm32cubeide/plugins/com.st.stm32cube.ide.mcu.externaltools.gnu-tools-for-stm32.7-2018-q2-update.win32_1.0.0.201904181610/tools/bin/../lib/gcc/arm-none-eabi/7.3.1/../../../../arm-none-eabi/lib/thumb/v6-m/crt0.o
LOAD Core/Src/SX1276.o
LOAD Core/Src/libSPI.o
LOAD Core/Src/libUART.o
LOAD Core/Src/main.o
LOAD Core/Src/stm32l0xx_hal_msp.o
LOAD Core/Src/stm32l0xx_it.o
LOAD Core/Src/sysInit.o
LOAD Core/Src/syscalls.o
LOAD Core/Src/sysmem.o
LOAD Core/Src/system_stm32l0xx.o
LOAD Core/Startup/startup_stm32l051c8tx.o
LOAD Drivers/STM32L0xx_HAL_Driver/Src/stm32l0xx_hal.o
LOAD Drivers/STM32L0xx_HAL_Driver/Src/stm32l0xx_hal_cortex.o
LOAD Drivers/STM32L0xx_HAL_Driver/Src/stm32l0xx_hal_dma.o
LOAD Drivers/STM32L0xx_HAL_Driver/Src/stm32l0xx_hal_flash.o
LOAD Drivers/STM32L0xx_HAL_Driver/Src/stm32l0xx_hal_flash_ex.o
LOAD Drivers/STM32L0xx_HAL_Driver/Src/stm32l0xx_hal_flash_ramfunc.o
LOAD Drivers/STM32L0xx_HAL_Driver/Src/stm32l0xx_hal_gpio.o
LOAD Drivers/STM32L0xx_HAL_Driver/Src/stm32l0xx_hal_i2c.o
LOAD Drivers/STM32L0xx_HAL_Driver/Src/stm32l0xx_hal_i2c_ex.o
LOAD Drivers/STM32L0xx_HAL_Driver/Src/stm32l0xx_hal_pwr.o
LOAD Drivers/STM32L0xx_HAL_Driver/Src/stm32l0xx_hal_pwr_ex.o
LOAD Drivers/STM32L0xx_HAL_Driver/Src/stm32l0xx_hal_rcc.o
LOAD Drivers/STM32L0xx_HAL_Driver/Src/stm32l0xx_hal_rcc_ex.o
LOAD Drivers/STM32L0xx_HAL_Driver/Src/stm32l0xx_hal_tim.o
LOAD Drivers/STM32L0xx_HAL_Driver/Src/stm32l0xx_hal_tim_ex.o
START GROUP
LOAD e:/program files/st/stm32cubeide_1.3.0/stm32cubeide/plugins/com.st.stm32cube.ide.mcu.externaltools.gnu-tools-for-stm32.7-2018-q2-update.win32_1.0.0.201904181610/tools/bin/../lib/gcc/arm-none-eabi/7.3.1/../../../../arm-none-eabi/lib/thumb/v6-m\libc_nano.a
LOAD e:/program files/st/stm32cubeide_1.3.0/stm32cubeide/plugins/com.st.stm32cube.ide.mcu.externaltools.gnu-tools-for-stm32.7-2018-q2-update.win32_1.0.0.201904181610/tools/bin/../lib/gcc/arm-none-eabi/7.3.1/../../../../arm-none-eabi/lib/thumb/v6-m\libm.a
END GROUP
START GROUP
LOAD e:/program files/st/stm32cubeide_1.3.0/stm32cubeide/plugins/com.st.stm32cube.ide.mcu.externaltools.gnu-tools-for-stm32.7-2018-q2-update.win32_1.0.0.201904181610/tools/bin/../lib/gcc/arm-none-eabi/7.3.1/thumb/v6-m\libgcc.a
LOAD e:/program files/st/stm32cubeide_1.3.0/stm32cubeide/plugins/com.st.stm32cube.ide.mcu.externaltools.gnu-tools-for-stm32.7-2018-q2-update.win32_1.0.0.201904181610/tools/bin/../lib/gcc/arm-none-eabi/7.3.1/../../../../arm-none-eabi/lib/thumb/v6-m\libc_nano.a
END GROUP
START GROUP
LOAD e:/program files/st/stm32cubeide_1.3.0/stm32cubeide/plugins/com.st.stm32cube.ide.mcu.externaltools.gnu-tools-for-stm32.7-2018-q2-update.win32_1.0.0.201904181610/tools/bin/../lib/gcc/arm-none-eabi/7.3.1/thumb/v6-m\libgcc.a
LOAD e:/program files/st/stm32cubeide_1.3.0/stm32cubeide/plugins/com.st.stm32cube.ide.mcu.externaltools.gnu-tools-for-stm32.7-2018-q2-update.win32_1.0.0.201904181610/tools/bin/../lib/gcc/arm-none-eabi/7.3.1/../../../../arm-none-eabi/lib/thumb/v6-m\libc_nano.a
LOAD e:/program files/st/stm32cubeide_1.3.0/stm32cubeide/plugins/com.st.stm32cube.ide.mcu.externaltools.gnu-tools-for-stm32.7-2018-q2-update.win32_1.0.0.201904181610/tools/bin/../lib/gcc/arm-none-eabi/7.3.1/../../../../arm-none-eabi/lib/thumb/v6-m\libnosys.a
END GROUP
START GROUP
LOAD e:/program files/st/stm32cubeide_1.3.0/stm32cubeide/plugins/com.st.stm32cube.ide.mcu.externaltools.gnu-tools-for-stm32.7-2018-q2-update.win32_1.0.0.201904181610/tools/bin/../lib/gcc/arm-none-eabi/7.3.1/thumb/v6-m\libgcc.a
LOAD e:/program files/st/stm32cubeide_1.3.0/stm32cubeide/plugins/com.st.stm32cube.ide.mcu.externaltools.gnu-tools-for-stm32.7-2018-q2-update.win32_1.0.0.201904181610/tools/bin/../lib/gcc/arm-none-eabi/7.3.1/../../../../arm-none-eabi/lib/thumb/v6-m\libc_nano.a
LOAD e:/program files/st/stm32cubeide_1.3.0/stm32cubeide/plugins/com.st.stm32cube.ide.mcu.externaltools.gnu-tools-for-stm32.7-2018-q2-update.win32_1.0.0.201904181610/tools/bin/../lib/gcc/arm-none-eabi/7.3.1/../../../../arm-none-eabi/lib/thumb/v6-m\libnosys.a
END GROUP
LOAD e:/program files/st/stm32cubeide_1.3.0/stm32cubeide/plugins/com.st.stm32cube.ide.mcu.externaltools.gnu-tools-for-stm32.7-2018-q2-update.win32_1.0.0.201904181610/tools/bin/../lib/gcc/arm-none-eabi/7.3.1/thumb/v6-m/crtend.o
LOAD e:/program files/st/stm32cubeide_1.3.0/stm32cubeide/plugins/com.st.stm32cube.ide.mcu.externaltools.gnu-tools-for-stm32.7-2018-q2-update.win32_1.0.0.201904181610/tools/bin/../lib/gcc/arm-none-eabi/7.3.1/thumb/v6-m/crtn.o
                0x0000000020002000                _estack = (ORIGIN (RAM) + LENGTH (RAM))
                0x0000000000000200                _Min_Heap_Size = 0x200
                0x0000000000000400                _Min_Stack_Size = 0x400

.isr_vector     0x0000000008000000       0xc0
                0x0000000008000000                . = ALIGN (0x4)
 *(.isr_vector)
 .isr_vector    0x0000000008000000       0xc0 Core/Startup/startup_stm32l051c8tx.o
                0x0000000008000000                g_pfnVectors
                0x00000000080000c0                . = ALIGN (0x4)

.text           0x00000000080000c0     0x18b8
                0x00000000080000c0                . = ALIGN (0x4)
 *(.text)
 .text          0x00000000080000c0       0x48 e:/program files/st/stm32cubeide_1.3.0/stm32cubeide/plugins/com.st.stm32cube.ide.mcu.externaltools.gnu-tools-for-stm32.7-2018-q2-update.win32_1.0.0.201904181610/tools/bin/../lib/gcc/arm-none-eabi/7.3.1/thumb/v6-m/crtbegin.o
 .text          0x0000000008000108      0x114 e:/program files/st/stm32cubeide_1.3.0/stm32cubeide/plugins/com.st.stm32cube.ide.mcu.externaltools.gnu-tools-for-stm32.7-2018-q2-update.win32_1.0.0.201904181610/tools/bin/../lib/gcc/arm-none-eabi/7.3.1/thumb/v6-m\libgcc.a(_udivsi3.o)
                0x0000000008000108                __aeabi_uidiv
                0x0000000008000108                __udivsi3
                0x0000000008000214                __aeabi_uidivmod
 .text          0x000000000800021c        0x4 e:/program files/st/stm32cubeide_1.3.0/stm32cubeide/plugins/com.st.stm32cube.ide.mcu.externaltools.gnu-tools-for-stm32.7-2018-q2-update.win32_1.0.0.201904181610/tools/bin/../lib/gcc/arm-none-eabi/7.3.1/thumb/v6-m\libgcc.a(_dvmd_tls.o)
                0x000000000800021c                __aeabi_idiv0
                0x000000000800021c                __aeabi_ldiv0
 *(.text*)
 .text.NVIC_EnableIRQ
                0x0000000008000220       0x2c Core/Src/SX1276.o
 .text.Delay    0x000000000800024c       0x1e Core/Src/SX1276.o
                0x000000000800024c                Delay
 *fill*         0x000000000800026a        0x2 
 .text.SX1276Init
                0x000000000800026c      0x158 Core/Src/SX1276.o
                0x000000000800026c                SX1276Init
 .text.SX1276_WriteSingle
                0x00000000080003c4       0xbc Core/Src/SX1276.o
                0x00000000080003c4                SX1276_WriteSingle
 .text.SX1276_ReadSingle
                0x0000000008000480       0xa8 Core/Src/SX1276.o
                0x0000000008000480                SX1276_ReadSingle
 .text.SX1276_WriteBurst
                0x0000000008000528       0xdc Core/Src/SX1276.o
                0x0000000008000528                SX1276_WriteBurst
 .text.SX1276_ReadBurst
                0x0000000008000604       0xd4 Core/Src/SX1276.o
                0x0000000008000604                SX1276_ReadBurst
 .text.SX1276_Init
                0x00000000080006d8       0xa4 Core/Src/SX1276.o
                0x00000000080006d8                SX1276_Init
 .text.SX1276_ReadRXBUF
                0x000000000800077c       0xa0 Core/Src/SX1276.o
                0x000000000800077c                SX1276_ReadRXBUF
 .text.SX1276_SendTXBUF
                0x000000000800081c       0xb4 Core/Src/SX1276.o
                0x000000000800081c                SX1276_SendTXBUF
 .text.SX1276_CleanBuffer
                0x00000000080008d0       0x22 Core/Src/SX1276.o
                0x00000000080008d0                SX1276_CleanBuffer
 *fill*         0x00000000080008f2        0x2 
 .text.NVIC_EnableIRQ
                0x00000000080008f4       0x2c Core/Src/libSPI.o
 .text.initSPI1
                0x0000000008000920      0x244 Core/Src/libSPI.o
                0x0000000008000920                initSPI1
 .text.initUsart1
                0x0000000008000b64       0xd4 Core/Src/libUART.o
                0x0000000008000b64                initUsart1
 .text.sendUsart1
                0x0000000008000c38       0x28 Core/Src/libUART.o
                0x0000000008000c38                sendUsart1
 .text.sendStringUsart1
                0x0000000008000c60       0x48 Core/Src/libUART.o
                0x0000000008000c60                sendStringUsart1
 .text.main     0x0000000008000ca8      0x154 Core/Src/main.o
                0x0000000008000ca8                main
 .text.EXTI4_15_IRQHandler
                0x0000000008000dfc       0x28 Core/Src/main.o
                0x0000000008000dfc                EXTI4_15_IRQHandler
 .text.setRFSwitch
                0x0000000008000e24       0x5e Core/Src/main.o
                0x0000000008000e24                setRFSwitch
 .text.NMI_Handler
                0x0000000008000e82        0xa Core/Src/stm32l0xx_it.o
                0x0000000008000e82                NMI_Handler
 .text.HardFault_Handler
                0x0000000008000e8c        0x6 Core/Src/stm32l0xx_it.o
                0x0000000008000e8c                HardFault_Handler
 .text.SVC_Handler
                0x0000000008000e92        0xa Core/Src/stm32l0xx_it.o
                0x0000000008000e92                SVC_Handler
 .text.PendSV_Handler
                0x0000000008000e9c        0xa Core/Src/stm32l0xx_it.o
                0x0000000008000e9c                PendSV_Handler
 .text.SysTick_Handler
                0x0000000008000ea6        0xa Core/Src/stm32l0xx_it.o
                0x0000000008000ea6                SysTick_Handler
 .text.clockInit
                0x0000000008000eb0      0x114 Core/Src/sysInit.o
                0x0000000008000eb0                clockInit
 .text._sbrk    0x0000000008000fc4       0x58 Core/Src/sysmem.o
                0x0000000008000fc4                _sbrk
 .text.SystemInit
                0x000000000800101c       0x7c Core/Src/system_stm32l0xx.o
                0x000000000800101c                SystemInit
 .text.Reset_Handler
                0x0000000008001098       0x50 Core/Startup/startup_stm32l051c8tx.o
                0x0000000008001098                Reset_Handler
 .text.Default_Handler
                0x00000000080010e8        0x2 Core/Startup/startup_stm32l051c8tx.o
                0x00000000080010e8                ADC1_COMP_IRQHandler
                0x00000000080010e8                TIM6_IRQHandler
                0x00000000080010e8                PVD_IRQHandler
                0x00000000080010e8                I2C1_IRQHandler
                0x00000000080010e8                SPI1_IRQHandler
                0x00000000080010e8                EXTI2_3_IRQHandler
                0x00000000080010e8                I2C2_IRQHandler
                0x00000000080010e8                RTC_IRQHandler
                0x00000000080010e8                DMA1_Channel4_5_6_7_IRQHandler
                0x00000000080010e8                RCC_IRQHandler
                0x00000000080010e8                DMA1_Channel1_IRQHandler
                0x00000000080010e8                Default_Handler
                0x00000000080010e8                TIM22_IRQHandler
                0x00000000080010e8                EXTI0_1_IRQHandler
                0x00000000080010e8                SPI2_IRQHandler
                0x00000000080010e8                TIM21_IRQHandler
                0x00000000080010e8                WWDG_IRQHandler
                0x00000000080010e8                LPUART1_IRQHandler
                0x00000000080010e8                TIM2_IRQHandler
                0x00000000080010e8                DMA1_Channel2_3_IRQHandler
                0x00000000080010e8                USART2_IRQHandler
                0x00000000080010e8                FLASH_IRQHandler
                0x00000000080010e8                USART1_IRQHandler
                0x00000000080010e8                LPTIM1_IRQHandler
 *fill*         0x00000000080010ea        0x2 
 .text.__errno  0x00000000080010ec        0xc e:/program files/st/stm32cubeide_1.3.0/stm32cubeide/plugins/com.st.stm32cube.ide.mcu.externaltools.gnu-tools-for-stm32.7-2018-q2-update.win32_1.0.0.201904181610/tools/bin/../lib/gcc/arm-none-eabi/7.3.1/../../../../arm-none-eabi/lib/thumb/v6-m\libc_nano.a(lib_a-errno.o)
                0x00000000080010ec                __errno
 .text.__libc_init_array
                0x00000000080010f8       0x48 e:/program files/st/stm32cubeide_1.3.0/stm32cubeide/plugins/com.st.stm32cube.ide.mcu.externaltools.gnu-tools-for-stm32.7-2018-q2-update.win32_1.0.0.201904181610/tools/bin/../lib/gcc/arm-none-eabi/7.3.1/../../../../arm-none-eabi/lib/thumb/v6-m\libc_nano.a(lib_a-init.o)
                0x00000000080010f8                __libc_init_array
 .text.memset   0x0000000008001140       0x10 e:/program files/st/stm32cubeide_1.3.0/stm32cubeide/plugins/com.st.stm32cube.ide.mcu.externaltools.gnu-tools-for-stm32.7-2018-q2-update.win32_1.0.0.201904181610/tools/bin/../lib/gcc/arm-none-eabi/7.3.1/../../../../arm-none-eabi/lib/thumb/v6-m\libc_nano.a(lib_a-memset.o)
                0x0000000008001140                memset
 .text.sprintf  0x0000000008001150       0x40 e:/program files/st/stm32cubeide_1.3.0/stm32cubeide/plugins/com.st.stm32cube.ide.mcu.externaltools.gnu-tools-for-stm32.7-2018-q2-update.win32_1.0.0.201904181610/tools/bin/../lib/gcc/arm-none-eabi/7.3.1/../../../../arm-none-eabi/lib/thumb/v6-m\libc_nano.a(lib_a-sprintf.o)
                0x0000000008001150                siprintf
                0x0000000008001150                sprintf
 .text.__ssputs_r
                0x0000000008001190       0xc4 e:/program files/st/stm32cubeide_1.3.0/stm32cubeide/plugins/com.st.stm32cube.ide.mcu.externaltools.gnu-tools-for-stm32.7-2018-q2-update.win32_1.0.0.201904181610/tools/bin/../lib/gcc/arm-none-eabi/7.3.1/../../../../arm-none-eabi/lib/thumb/v6-m\libc_nano.a(lib_a-nano-svfprintf.o)
                0x0000000008001190                __ssputs_r
 .text._svfprintf_r
                0x0000000008001254      0x1fc e:/program files/st/stm32cubeide_1.3.0/stm32cubeide/plugins/com.st.stm32cube.ide.mcu.externaltools.gnu-tools-for-stm32.7-2018-q2-update.win32_1.0.0.201904181610/tools/bin/../lib/gcc/arm-none-eabi/7.3.1/../../../../arm-none-eabi/lib/thumb/v6-m\libc_nano.a(lib_a-nano-svfprintf.o)
                0x0000000008001254                _svfiprintf_r
                0x0000000008001254                _svfprintf_r
 .text._printf_common
                0x0000000008001450       0xda e:/program files/st/stm32cubeide_1.3.0/stm32cubeide/plugins/com.st.stm32cube.ide.mcu.externaltools.gnu-tools-for-stm32.7-2018-q2-update.win32_1.0.0.201904181610/tools/bin/../lib/gcc/arm-none-eabi/7.3.1/../../../../arm-none-eabi/lib/thumb/v6-m\libc_nano.a(lib_a-nano-vfprintf_i.o)
                0x0000000008001450                _printf_common
 *fill*         0x000000000800152a        0x2 
 .text._printf_i
                0x000000000800152c      0x210 e:/program files/st/stm32cubeide_1.3.0/stm32cubeide/plugins/com.st.stm32cube.ide.mcu.externaltools.gnu-tools-for-stm32.7-2018-q2-update.win32_1.0.0.201904181610/tools/bin/../lib/gcc/arm-none-eabi/7.3.1/../../../../arm-none-eabi/lib/thumb/v6-m\libc_nano.a(lib_a-nano-vfprintf_i.o)
                0x000000000800152c                _printf_i
 .text.memchr   0x000000000800173c       0x16 e:/program files/st/stm32cubeide_1.3.0/stm32cubeide/plugins/com.st.stm32cube.ide.mcu.externaltools.gnu-tools-for-stm32.7-2018-q2-update.win32_1.0.0.201904181610/tools/bin/../lib/gcc/arm-none-eabi/7.3.1/../../../../arm-none-eabi/lib/thumb/v6-m\libc_nano.a(lib_a-memchr-stub.o)
                0x000000000800173c                memchr
 .text.memcpy   0x0000000008001752       0x12 e:/program files/st/stm32cubeide_1.3.0/stm32cubeide/plugins/com.st.stm32cube.ide.mcu.externaltools.gnu-tools-for-stm32.7-2018-q2-update.win32_1.0.0.201904181610/tools/bin/../lib/gcc/arm-none-eabi/7.3.1/../../../../arm-none-eabi/lib/thumb/v6-m\libc_nano.a(lib_a-memcpy-stub.o)
                0x0000000008001752                memcpy
 .text.memmove  0x0000000008001764       0x26 e:/program files/st/stm32cubeide_1.3.0/stm32cubeide/plugins/com.st.stm32cube.ide.mcu.externaltools.gnu-tools-for-stm32.7-2018-q2-update.win32_1.0.0.201904181610/tools/bin/../lib/gcc/arm-none-eabi/7.3.1/../../../../arm-none-eabi/lib/thumb/v6-m\libc_nano.a(lib_a-memmove.o)
                0x0000000008001764                memmove
 *fill*         0x000000000800178a        0x2 
 .text._free_r  0x000000000800178c       0x94 e:/program files/st/stm32cubeide_1.3.0/stm32cubeide/plugins/com.st.stm32cube.ide.mcu.externaltools.gnu-tools-for-stm32.7-2018-q2-update.win32_1.0.0.201904181610/tools/bin/../lib/gcc/arm-none-eabi/7.3.1/../../../../arm-none-eabi/lib/thumb/v6-m\libc_nano.a(lib_a-nano-freer.o)
                0x000000000800178c                _free_r
 .text._malloc_r
                0x0000000008001820       0xbc e:/program files/st/stm32cubeide_1.3.0/stm32cubeide/plugins/com.st.stm32cube.ide.mcu.externaltools.gnu-tools-for-stm32.7-2018-q2-update.win32_1.0.0.201904181610/tools/bin/../lib/gcc/arm-none-eabi/7.3.1/../../../../arm-none-eabi/lib/thumb/v6-m\libc_nano.a(lib_a-nano-mallocr.o)
                0x0000000008001820                _malloc_r
 .text._realloc_r
                0x00000000080018dc       0x4c e:/program files/st/stm32cubeide_1.3.0/stm32cubeide/plugins/com.st.stm32cube.ide.mcu.externaltools.gnu-tools-for-stm32.7-2018-q2-update.win32_1.0.0.201904181610/tools/bin/../lib/gcc/arm-none-eabi/7.3.1/../../../../arm-none-eabi/lib/thumb/v6-m\libc_nano.a(lib_a-nano-reallocr.o)
                0x00000000080018dc                _realloc_r
 .text._sbrk_r  0x0000000008001928       0x24 e:/program files/st/stm32cubeide_1.3.0/stm32cubeide/plugins/com.st.stm32cube.ide.mcu.externaltools.gnu-tools-for-stm32.7-2018-q2-update.win32_1.0.0.201904181610/tools/bin/../lib/gcc/arm-none-eabi/7.3.1/../../../../arm-none-eabi/lib/thumb/v6-m\libc_nano.a(lib_a-sbrkr.o)
                0x0000000008001928                _sbrk_r
 .text.__malloc_lock
                0x000000000800194c        0x2 e:/program files/st/stm32cubeide_1.3.0/stm32cubeide/plugins/com.st.stm32cube.ide.mcu.externaltools.gnu-tools-for-stm32.7-2018-q2-update.win32_1.0.0.201904181610/tools/bin/../lib/gcc/arm-none-eabi/7.3.1/../../../../arm-none-eabi/lib/thumb/v6-m\libc_nano.a(lib_a-mlock.o)
                0x000000000800194c                __malloc_lock
 .text.__malloc_unlock
                0x000000000800194e        0x2 e:/program files/st/stm32cubeide_1.3.0/stm32cubeide/plugins/com.st.stm32cube.ide.mcu.externaltools.gnu-tools-for-stm32.7-2018-q2-update.win32_1.0.0.201904181610/tools/bin/../lib/gcc/arm-none-eabi/7.3.1/../../../../arm-none-eabi/lib/thumb/v6-m\libc_nano.a(lib_a-mlock.o)
                0x000000000800194e                __malloc_unlock
 .text._malloc_usable_size_r
                0x0000000008001950       0x10 e:/program files/st/stm32cubeide_1.3.0/stm32cubeide/plugins/com.st.stm32cube.ide.mcu.externaltools.gnu-tools-for-stm32.7-2018-q2-update.win32_1.0.0.201904181610/tools/bin/../lib/gcc/arm-none-eabi/7.3.1/../../../../arm-none-eabi/lib/thumb/v6-m\libc_nano.a(lib_a-nano-msizer.o)
                0x0000000008001950                _malloc_usable_size_r
 *(.glue_7)
 .glue_7        0x0000000008001960        0x0 linker stubs
 *(.glue_7t)
 .glue_7t       0x0000000008001960        0x0 linker stubs
 *(.eh_frame)
 .eh_frame      0x0000000008001960        0x0 e:/program files/st/stm32cubeide_1.3.0/stm32cubeide/plugins/com.st.stm32cube.ide.mcu.externaltools.gnu-tools-for-stm32.7-2018-q2-update.win32_1.0.0.201904181610/tools/bin/../lib/gcc/arm-none-eabi/7.3.1/thumb/v6-m/crtbegin.o
 *(.init)
 .init          0x0000000008001960        0x4 e:/program files/st/stm32cubeide_1.3.0/stm32cubeide/plugins/com.st.stm32cube.ide.mcu.externaltools.gnu-tools-for-stm32.7-2018-q2-update.win32_1.0.0.201904181610/tools/bin/../lib/gcc/arm-none-eabi/7.3.1/thumb/v6-m/crti.o
                0x0000000008001960                _init
 .init          0x0000000008001964        0x8 e:/program files/st/stm32cubeide_1.3.0/stm32cubeide/plugins/com.st.stm32cube.ide.mcu.externaltools.gnu-tools-for-stm32.7-2018-q2-update.win32_1.0.0.201904181610/tools/bin/../lib/gcc/arm-none-eabi/7.3.1/thumb/v6-m/crtn.o
 *(.fini)
 .fini          0x000000000800196c        0x4 e:/program files/st/stm32cubeide_1.3.0/stm32cubeide/plugins/com.st.stm32cube.ide.mcu.externaltools.gnu-tools-for-stm32.7-2018-q2-update.win32_1.0.0.201904181610/tools/bin/../lib/gcc/arm-none-eabi/7.3.1/thumb/v6-m/crti.o
                0x000000000800196c                _fini
 .fini          0x0000000008001970        0x8 e:/program files/st/stm32cubeide_1.3.0/stm32cubeide/plugins/com.st.stm32cube.ide.mcu.externaltools.gnu-tools-for-stm32.7-2018-q2-update.win32_1.0.0.201904181610/tools/bin/../lib/gcc/arm-none-eabi/7.3.1/thumb/v6-m/crtn.o
                0x0000000008001978                . = ALIGN (0x4)
                0x0000000008001978                _etext = .

.vfp11_veneer   0x0000000008001978        0x0
 .vfp11_veneer  0x0000000008001978        0x0 linker stubs

.v4_bx          0x0000000008001978        0x0
 .v4_bx         0x0000000008001978        0x0 linker stubs

.iplt           0x0000000008001978        0x0
 .iplt          0x0000000008001978        0x0 e:/program files/st/stm32cubeide_1.3.0/stm32cubeide/plugins/com.st.stm32cube.ide.mcu.externaltools.gnu-tools-for-stm32.7-2018-q2-update.win32_1.0.0.201904181610/tools/bin/../lib/gcc/arm-none-eabi/7.3.1/thumb/v6-m/crtbegin.o

.rodata         0x0000000008001978      0x160
                0x0000000008001978                . = ALIGN (0x4)
 *(.rodata)
 .rodata        0x0000000008001978      0x117 Core/Src/main.o
 *(.rodata*)
 *fill*         0x0000000008001a8f        0x1 
 .rodata.LoRa_config
                0x0000000008001a90       0x14 Core/Src/SX1276.o
                0x0000000008001a90                LoRa_config
 .rodata._svfprintf_r.str1.1
                0x0000000008001aa4       0x11 e:/program files/st/stm32cubeide_1.3.0/stm32cubeide/plugins/com.st.stm32cube.ide.mcu.externaltools.gnu-tools-for-stm32.7-2018-q2-update.win32_1.0.0.201904181610/tools/bin/../lib/gcc/arm-none-eabi/7.3.1/../../../../arm-none-eabi/lib/thumb/v6-m\libc_nano.a(lib_a-nano-svfprintf.o)
 .rodata._printf_i.str1.1
                0x0000000008001ab5       0x22 e:/program files/st/stm32cubeide_1.3.0/stm32cubeide/plugins/com.st.stm32cube.ide.mcu.externaltools.gnu-tools-for-stm32.7-2018-q2-update.win32_1.0.0.201904181610/tools/bin/../lib/gcc/arm-none-eabi/7.3.1/../../../../arm-none-eabi/lib/thumb/v6-m\libc_nano.a(lib_a-nano-vfprintf_i.o)
                0x0000000008001ad8                . = ALIGN (0x4)
 *fill*         0x0000000008001ad7        0x1 

.rel.dyn        0x0000000008001ad8        0x0
 .rel.iplt      0x0000000008001ad8        0x0 e:/program files/st/stm32cubeide_1.3.0/stm32cubeide/plugins/com.st.stm32cube.ide.mcu.externaltools.gnu-tools-for-stm32.7-2018-q2-update.win32_1.0.0.201904181610/tools/bin/../lib/gcc/arm-none-eabi/7.3.1/thumb/v6-m/crtbegin.o

.ARM.extab      0x0000000008001ad8        0x0
                0x0000000008001ad8                . = ALIGN (0x4)
 *(.ARM.extab* .gnu.linkonce.armextab.*)
                0x0000000008001ad8                . = ALIGN (0x4)

.ARM            0x0000000008001ad8        0x0
                0x0000000008001ad8                . = ALIGN (0x4)
                0x0000000008001ad8                __exidx_start = .
 *(.ARM.exidx*)
                0x0000000008001ad8                __exidx_end = .
                0x0000000008001ad8                . = ALIGN (0x4)

.preinit_array  0x0000000008001ad8        0x0
                0x0000000008001ad8                . = ALIGN (0x4)
                0x0000000008001ad8                PROVIDE (__preinit_array_start = .)
 *(.preinit_array*)
                0x0000000008001ad8                PROVIDE (__preinit_array_end = .)
                0x0000000008001ad8                . = ALIGN (0x4)

.init_array     0x0000000008001ad8        0x4
                0x0000000008001ad8                . = ALIGN (0x4)
                0x0000000008001ad8                PROVIDE (__init_array_start = .)
 *(SORT_BY_NAME(.init_array.*))
 *(.init_array*)
 .init_array    0x0000000008001ad8        0x4 e:/program files/st/stm32cubeide_1.3.0/stm32cubeide/plugins/com.st.stm32cube.ide.mcu.externaltools.gnu-tools-for-stm32.7-2018-q2-update.win32_1.0.0.201904181610/tools/bin/../lib/gcc/arm-none-eabi/7.3.1/thumb/v6-m/crtbegin.o
                0x0000000008001adc                PROVIDE (__init_array_end = .)
                0x0000000008001adc                . = ALIGN (0x4)

.fini_array     0x0000000008001adc        0x4
                0x0000000008001adc                . = ALIGN (0x4)
                [!provide]                        PROVIDE (__fini_array_start = .)
 *(SORT_BY_NAME(.fini_array.*))
 *(.fini_array*)
 .fini_array    0x0000000008001adc        0x4 e:/program files/st/stm32cubeide_1.3.0/stm32cubeide/plugins/com.st.stm32cube.ide.mcu.externaltools.gnu-tools-for-stm32.7-2018-q2-update.win32_1.0.0.201904181610/tools/bin/../lib/gcc/arm-none-eabi/7.3.1/thumb/v6-m/crtbegin.o
                [!provide]                        PROVIDE (__fini_array_end = .)
                0x0000000008001ae0                . = ALIGN (0x4)
                0x0000000008001ae0                _sidata = LOADADDR (.data)

.data           0x0000000020000000       0x64 load address 0x0000000008001ae0
                0x0000000020000000                . = ALIGN (0x4)
                0x0000000020000000                _sdata = .
 *(.data)
 *(.data*)
 .data._impure_ptr
                0x0000000020000000        0x4 e:/program files/st/stm32cubeide_1.3.0/stm32cubeide/plugins/com.st.stm32cube.ide.mcu.externaltools.gnu-tools-for-stm32.7-2018-q2-update.win32_1.0.0.201904181610/tools/bin/../lib/gcc/arm-none-eabi/7.3.1/../../../../arm-none-eabi/lib/thumb/v6-m\libc_nano.a(lib_a-impure.o)
                0x0000000020000000                _impure_ptr
 .data.impure_data
                0x0000000020000004       0x60 e:/program files/st/stm32cubeide_1.3.0/stm32cubeide/plugins/com.st.stm32cube.ide.mcu.externaltools.gnu-tools-for-stm32.7-2018-q2-update.win32_1.0.0.201904181610/tools/bin/../lib/gcc/arm-none-eabi/7.3.1/../../../../arm-none-eabi/lib/thumb/v6-m\libc_nano.a(lib_a-impure.o)
                0x0000000020000064                . = ALIGN (0x4)
                0x0000000020000064                _edata = .

.igot.plt       0x0000000020000064        0x0 load address 0x0000000008001b44
 .igot.plt      0x0000000020000064        0x0 e:/program files/st/stm32cubeide_1.3.0/stm32cubeide/plugins/com.st.stm32cube.ide.mcu.externaltools.gnu-tools-for-stm32.7-2018-q2-update.win32_1.0.0.201904181610/tools/bin/../lib/gcc/arm-none-eabi/7.3.1/thumb/v6-m/crtbegin.o
                0x0000000020000064                . = ALIGN (0x4)

.bss            0x0000000020000064       0x4c load address 0x0000000008001b44
                0x0000000020000064                _sbss = .
                0x0000000020000064                __bss_start__ = _sbss
 *(.bss)
 .bss           0x0000000020000064       0x1c e:/program files/st/stm32cubeide_1.3.0/stm32cubeide/plugins/com.st.stm32cube.ide.mcu.externaltools.gnu-tools-for-stm32.7-2018-q2-update.win32_1.0.0.201904181610/tools/bin/../lib/gcc/arm-none-eabi/7.3.1/thumb/v6-m/crtbegin.o
 *(.bss*)
 .bss.isDIO_0_Flag
                0x0000000020000080        0x1 Core/Src/main.o
                0x0000000020000080                isDIO_0_Flag
 *fill*         0x0000000020000081        0x3 
 .bss.heap_end.5149
                0x0000000020000084        0x4 Core/Src/sysmem.o
 .bss.__malloc_free_list
                0x0000000020000088        0x4 e:/program files/st/stm32cubeide_1.3.0/stm32cubeide/plugins/com.st.stm32cube.ide.mcu.externaltools.gnu-tools-for-stm32.7-2018-q2-update.win32_1.0.0.201904181610/tools/bin/../lib/gcc/arm-none-eabi/7.3.1/../../../../arm-none-eabi/lib/thumb/v6-m\libc_nano.a(lib_a-nano-mallocr.o)
                0x0000000020000088                __malloc_free_list
 .bss.__malloc_sbrk_start
                0x000000002000008c        0x4 e:/program files/st/stm32cubeide_1.3.0/stm32cubeide/plugins/com.st.stm32cube.ide.mcu.externaltools.gnu-tools-for-stm32.7-2018-q2-update.win32_1.0.0.201904181610/tools/bin/../lib/gcc/arm-none-eabi/7.3.1/../../../../arm-none-eabi/lib/thumb/v6-m\libc_nano.a(lib_a-nano-mallocr.o)
                0x000000002000008c                __malloc_sbrk_start
 *(COMMON)
 COMMON         0x0000000020000090       0x19 Core/Src/SX1276.o
                0x0000000020000090                fr_rssi
                0x0000000020000094                RX_BUF
                0x00000000200000a4                i
                0x00000000200000a5                counter
                0x00000000200000a6                rx_bytes
                0x00000000200000a7                rssi
                0x00000000200000a8                snr
 *fill*         0x00000000200000a9        0x3 
 COMMON         0x00000000200000ac        0x4 e:/program files/st/stm32cubeide_1.3.0/stm32cubeide/plugins/com.st.stm32cube.ide.mcu.externaltools.gnu-tools-for-stm32.7-2018-q2-update.win32_1.0.0.201904181610/tools/bin/../lib/gcc/arm-none-eabi/7.3.1/../../../../arm-none-eabi/lib/thumb/v6-m\libc_nano.a(lib_a-reent.o)
                0x00000000200000ac                errno
                0x00000000200000b0                . = ALIGN (0x4)
                0x00000000200000b0                _ebss = .
                0x00000000200000b0                __bss_end__ = _ebss

._user_heap_stack
                0x00000000200000b0      0x600 load address 0x0000000008001b44
                0x00000000200000b0                . = ALIGN (0x8)
                0x00000000200000b0                PROVIDE (end = .)
                [!provide]                        PROVIDE (_end = .)
                0x00000000200002b0                . = (. + _Min_Heap_Size)
 *fill*         0x00000000200000b0      0x200 
                0x00000000200006b0                . = (. + _Min_Stack_Size)
 *fill*         0x00000000200002b0      0x400 
                0x00000000200006b0                . = ALIGN (0x8)

/DISCARD/
 libc.a(*)
 libm.a(*)
 libgcc.a(*)

.ARM.attributes
                0x0000000000000000       0x28
 *(.ARM.attributes)
 .ARM.attributes
                0x0000000000000000       0x1e e:/program files/st/stm32cubeide_1.3.0/stm32cubeide/plugins/com.st.stm32cube.ide.mcu.externaltools.gnu-tools-for-stm32.7-2018-q2-update.win32_1.0.0.201904181610/tools/bin/../lib/gcc/arm-none-eabi/7.3.1/thumb/v6-m/crti.o
 .ARM.attributes
                0x000000000000001e       0x2c e:/program files/st/stm32cubeide_1.3.0/stm32cubeide/plugins/com.st.stm32cube.ide.mcu.externaltools.gnu-tools-for-stm32.7-2018-q2-update.win32_1.0.0.201904181610/tools/bin/../lib/gcc/arm-none-eabi/7.3.1/thumb/v6-m/crtbegin.o
 .ARM.attributes
                0x000000000000004a       0x32 Core/Src/SX1276.o
 .ARM.attributes
                0x000000000000007c       0x32 Core/Src/libSPI.o
 .ARM.attributes
                0x00000000000000ae       0x32 Core/Src/libUART.o
 .ARM.attributes
                0x00000000000000e0       0x32 Core/Src/main.o
 .ARM.attributes
                0x0000000000000112       0x32 Core/Src/stm32l0xx_it.o
 .ARM.attributes
                0x0000000000000144       0x32 Core/Src/sysInit.o
 .ARM.attributes
                0x0000000000000176       0x32 Core/Src/sysmem.o
 .ARM.attributes
                0x00000000000001a8       0x32 Core/Src/system_stm32l0xx.o
 .ARM.attributes
                0x00000000000001da       0x22 Core/Startup/startup_stm32l051c8tx.o
 .ARM.attributes
                0x00000000000001fc       0x2c e:/program files/st/stm32cubeide_1.3.0/stm32cubeide/plugins/com.st.stm32cube.ide.mcu.externaltools.gnu-tools-for-stm32.7-2018-q2-update.win32_1.0.0.201904181610/tools/bin/../lib/gcc/arm-none-eabi/7.3.1/../../../../arm-none-eabi/lib/thumb/v6-m\libc_nano.a(lib_a-errno.o)
 .ARM.attributes
                0x0000000000000228       0x2c e:/program files/st/stm32cubeide_1.3.0/stm32cubeide/plugins/com.st.stm32cube.ide.mcu.externaltools.gnu-tools-for-stm32.7-2018-q2-update.win32_1.0.0.201904181610/tools/bin/../lib/gcc/arm-none-eabi/7.3.1/../../../../arm-none-eabi/lib/thumb/v6-m\libc_nano.a(lib_a-impure.o)
 .ARM.attributes
                0x0000000000000254       0x2c e:/program files/st/stm32cubeide_1.3.0/stm32cubeide/plugins/com.st.stm32cube.ide.mcu.externaltools.gnu-tools-for-stm32.7-2018-q2-update.win32_1.0.0.201904181610/tools/bin/../lib/gcc/arm-none-eabi/7.3.1/../../../../arm-none-eabi/lib/thumb/v6-m\libc_nano.a(lib_a-init.o)
 .ARM.attributes
                0x0000000000000280       0x2c e:/program files/st/stm32cubeide_1.3.0/stm32cubeide/plugins/com.st.stm32cube.ide.mcu.externaltools.gnu-tools-for-stm32.7-2018-q2-update.win32_1.0.0.201904181610/tools/bin/../lib/gcc/arm-none-eabi/7.3.1/../../../../arm-none-eabi/lib/thumb/v6-m\libc_nano.a(lib_a-memset.o)
 .ARM.attributes
                0x00000000000002ac       0x2c e:/program files/st/stm32cubeide_1.3.0/stm32cubeide/plugins/com.st.stm32cube.ide.mcu.externaltools.gnu-tools-for-stm32.7-2018-q2-update.win32_1.0.0.201904181610/tools/bin/../lib/gcc/arm-none-eabi/7.3.1/../../../../arm-none-eabi/lib/thumb/v6-m\libc_nano.a(lib_a-sprintf.o)
 .ARM.attributes
                0x00000000000002d8       0x2c e:/program files/st/stm32cubeide_1.3.0/stm32cubeide/plugins/com.st.stm32cube.ide.mcu.externaltools.gnu-tools-for-stm32.7-2018-q2-update.win32_1.0.0.201904181610/tools/bin/../lib/gcc/arm-none-eabi/7.3.1/../../../../arm-none-eabi/lib/thumb/v6-m\libc_nano.a(lib_a-nano-svfprintf.o)
 .ARM.attributes
                0x0000000000000304       0x2c e:/program files/st/stm32cubeide_1.3.0/stm32cubeide/plugins/com.st.stm32cube.ide.mcu.externaltools.gnu-tools-for-stm32.7-2018-q2-update.win32_1.0.0.201904181610/tools/bin/../lib/gcc/arm-none-eabi/7.3.1/../../../../arm-none-eabi/lib/thumb/v6-m\libc_nano.a(lib_a-nano-vfprintf_i.o)
 .ARM.attributes
                0x0000000000000330       0x2c e:/program files/st/stm32cubeide_1.3.0/stm32cubeide/plugins/com.st.stm32cube.ide.mcu.externaltools.gnu-tools-for-stm32.7-2018-q2-update.win32_1.0.0.201904181610/tools/bin/../lib/gcc/arm-none-eabi/7.3.1/../../../../arm-none-eabi/lib/thumb/v6-m\libc_nano.a(lib_a-memchr-stub.o)
 .ARM.attributes
                0x000000000000035c       0x2c e:/program files/st/stm32cubeide_1.3.0/stm32cubeide/plugins/com.st.stm32cube.ide.mcu.externaltools.gnu-tools-for-stm32.7-2018-q2-update.win32_1.0.0.201904181610/tools/bin/../lib/gcc/arm-none-eabi/7.3.1/../../../../arm-none-eabi/lib/thumb/v6-m\libc_nano.a(lib_a-memcpy-stub.o)
 .ARM.attributes
                0x0000000000000388       0x2c e:/program files/st/stm32cubeide_1.3.0/stm32cubeide/plugins/com.st.stm32cube.ide.mcu.externaltools.gnu-tools-for-stm32.7-2018-q2-update.win32_1.0.0.201904181610/tools/bin/../lib/gcc/arm-none-eabi/7.3.1/../../../../arm-none-eabi/lib/thumb/v6-m\libc_nano.a(lib_a-memmove.o)
 .ARM.attributes
                0x00000000000003b4       0x2c e:/program files/st/stm32cubeide_1.3.0/stm32cubeide/plugins/com.st.stm32cube.ide.mcu.externaltools.gnu-tools-for-stm32.7-2018-q2-update.win32_1.0.0.201904181610/tools/bin/../lib/gcc/arm-none-eabi/7.3.1/../../../../arm-none-eabi/lib/thumb/v6-m\libc_nano.a(lib_a-nano-freer.o)
 .ARM.attributes
                0x00000000000003e0       0x2c e:/program files/st/stm32cubeide_1.3.0/stm32cubeide/plugins/com.st.stm32cube.ide.mcu.externaltools.gnu-tools-for-stm32.7-2018-q2-update.win32_1.0.0.201904181610/tools/bin/../lib/gcc/arm-none-eabi/7.3.1/../../../../arm-none-eabi/lib/thumb/v6-m\libc_nano.a(lib_a-nano-mallocr.o)
 .ARM.attributes
                0x000000000000040c       0x2c e:/program files/st/stm32cubeide_1.3.0/stm32cubeide/plugins/com.st.stm32cube.ide.mcu.externaltools.gnu-tools-for-stm32.7-2018-q2-update.win32_1.0.0.201904181610/tools/bin/../lib/gcc/arm-none-eabi/7.3.1/../../../../arm-none-eabi/lib/thumb/v6-m\libc_nano.a(lib_a-nano-reallocr.o)
 .ARM.attributes
                0x0000000000000438       0x2c e:/program files/st/stm32cubeide_1.3.0/stm32cubeide/plugins/com.st.stm32cube.ide.mcu.externaltools.gnu-tools-for-stm32.7-2018-q2-update.win32_1.0.0.201904181610/tools/bin/../lib/gcc/arm-none-eabi/7.3.1/../../../../arm-none-eabi/lib/thumb/v6-m\libc_nano.a(lib_a-sbrkr.o)
 .ARM.attributes
                0x0000000000000464       0x2c e:/program files/st/stm32cubeide_1.3.0/stm32cubeide/plugins/com.st.stm32cube.ide.mcu.externaltools.gnu-tools-for-stm32.7-2018-q2-update.win32_1.0.0.201904181610/tools/bin/../lib/gcc/arm-none-eabi/7.3.1/../../../../arm-none-eabi/lib/thumb/v6-m\libc_nano.a(lib_a-mlock.o)
 .ARM.attributes
                0x0000000000000490       0x2c e:/program files/st/stm32cubeide_1.3.0/stm32cubeide/plugins/com.st.stm32cube.ide.mcu.externaltools.gnu-tools-for-stm32.7-2018-q2-update.win32_1.0.0.201904181610/tools/bin/../lib/gcc/arm-none-eabi/7.3.1/../../../../arm-none-eabi/lib/thumb/v6-m\libc_nano.a(lib_a-nano-msizer.o)
 .ARM.attributes
                0x00000000000004bc       0x2c e:/program files/st/stm32cubeide_1.3.0/stm32cubeide/plugins/com.st.stm32cube.ide.mcu.externaltools.gnu-tools-for-stm32.7-2018-q2-update.win32_1.0.0.201904181610/tools/bin/../lib/gcc/arm-none-eabi/7.3.1/../../../../arm-none-eabi/lib/thumb/v6-m\libc_nano.a(lib_a-reent.o)
 .ARM.attributes
                0x00000000000004e8       0x1e e:/program files/st/stm32cubeide_1.3.0/stm32cubeide/plugins/com.st.stm32cube.ide.mcu.externaltools.gnu-tools-for-stm32.7-2018-q2-update.win32_1.0.0.201904181610/tools/bin/../lib/gcc/arm-none-eabi/7.3.1/thumb/v6-m\libgcc.a(_udivsi3.o)
 .ARM.attributes
                0x0000000000000506       0x1e e:/program files/st/stm32cubeide_1.3.0/stm32cubeide/plugins/com.st.stm32cube.ide.mcu.externaltools.gnu-tools-for-stm32.7-2018-q2-update.win32_1.0.0.201904181610/tools/bin/../lib/gcc/arm-none-eabi/7.3.1/thumb/v6-m\libgcc.a(_dvmd_tls.o)
 .ARM.attributes
                0x0000000000000524       0x1e e:/program files/st/stm32cubeide_1.3.0/stm32cubeide/plugins/com.st.stm32cube.ide.mcu.externaltools.gnu-tools-for-stm32.7-2018-q2-update.win32_1.0.0.201904181610/tools/bin/../lib/gcc/arm-none-eabi/7.3.1/thumb/v6-m/crtn.o
OUTPUT(RHF76-052.elf elf32-littlearm)

.debug_info     0x0000000000000000     0x4245
 .debug_info    0x0000000000000000      0x955 Core/Src/SX1276.o
 .debug_info    0x0000000000000955      0xd7e Core/Src/libSPI.o
 .debug_info    0x00000000000016d3      0x410 Core/Src/libUART.o
 .debug_info    0x0000000000001ae3      0xb45 Core/Src/main.o
 .debug_info    0x0000000000002628      0x97a Core/Src/stm32l0xx_it.o
 .debug_info    0x0000000000002fa2      0x5e8 Core/Src/sysInit.o
 .debug_info    0x000000000000358a      0x91c Core/Src/sysmem.o
 .debug_info    0x0000000000003ea6      0x37d Core/Src/system_stm32l0xx.o
 .debug_info    0x0000000000004223       0x22 Core/Startup/startup_stm32l051c8tx.o

.debug_abbrev   0x0000000000000000      0xd2d
 .debug_abbrev  0x0000000000000000      0x242 Core/Src/SX1276.o
 .debug_abbrev  0x0000000000000242      0x1fb Core/Src/libSPI.o
 .debug_abbrev  0x000000000000043d      0x12e Core/Src/libUART.o
 .debug_abbrev  0x000000000000056b      0x20e Core/Src/main.o
 .debug_abbrev  0x0000000000000779      0x174 Core/Src/stm32l0xx_it.o
 .debug_abbrev  0x00000000000008ed      0x173 Core/Src/sysInit.o
 .debug_abbrev  0x0000000000000a60      0x1bb Core/Src/sysmem.o
 .debug_abbrev  0x0000000000000c1b      0x100 Core/Src/system_stm32l0xx.o
 .debug_abbrev  0x0000000000000d1b       0x12 Core/Startup/startup_stm32l051c8tx.o

.debug_aranges  0x0000000000000000      0x1e8
 .debug_aranges
                0x0000000000000000       0x70 Core/Src/SX1276.o
 .debug_aranges
                0x0000000000000070       0x28 Core/Src/libSPI.o
 .debug_aranges
                0x0000000000000098       0x38 Core/Src/libUART.o
 .debug_aranges
                0x00000000000000d0       0x38 Core/Src/main.o
 .debug_aranges
                0x0000000000000108       0x40 Core/Src/stm32l0xx_it.o
 .debug_aranges
                0x0000000000000148       0x30 Core/Src/sysInit.o
 .debug_aranges
                0x0000000000000178       0x20 Core/Src/sysmem.o
 .debug_aranges
                0x0000000000000198       0x28 Core/Src/system_stm32l0xx.o
 .debug_aranges
                0x00000000000001c0       0x28 Core/Startup/startup_stm32l051c8tx.o

.debug_ranges   0x0000000000000000      0x160
 .debug_ranges  0x0000000000000000       0x60 Core/Src/SX1276.o
 .debug_ranges  0x0000000000000060       0x18 Core/Src/libSPI.o
 .debug_ranges  0x0000000000000078       0x28 Core/Src/libUART.o
 .debug_ranges  0x00000000000000a0       0x28 Core/Src/main.o
 .debug_ranges  0x00000000000000c8       0x30 Core/Src/stm32l0xx_it.o
 .debug_ranges  0x00000000000000f8       0x20 Core/Src/sysInit.o
 .debug_ranges  0x0000000000000118       0x10 Core/Src/sysmem.o
 .debug_ranges  0x0000000000000128       0x18 Core/Src/system_stm32l0xx.o
 .debug_ranges  0x0000000000000140       0x20 Core/Startup/startup_stm32l051c8tx.o

.debug_macro    0x0000000000000000     0xb7a6
 .debug_macro   0x0000000000000000       0xb7 Core/Src/SX1276.o
 .debug_macro   0x00000000000000b7      0xa42 Core/Src/SX1276.o
 .debug_macro   0x0000000000000af9       0x28 Core/Src/SX1276.o
 .debug_macro   0x0000000000000b21       0x22 Core/Src/SX1276.o
 .debug_macro   0x0000000000000b43       0x8e Core/Src/SX1276.o
 .debug_macro   0x0000000000000bd1       0x51 Core/Src/SX1276.o
 .debug_macro   0x0000000000000c22       0xef Core/Src/SX1276.o
 .debug_macro   0x0000000000000d11       0x6a Core/Src/SX1276.o
 .debug_macro   0x0000000000000d7b      0x1df Core/Src/SX1276.o
 .debug_macro   0x0000000000000f5a       0x34 Core/Src/SX1276.o
 .debug_macro   0x0000000000000f8e       0x26 Core/Src/SX1276.o
 .debug_macro   0x0000000000000fb4      0x44f Core/Src/SX1276.o
 .debug_macro   0x0000000000001403     0x8233 Core/Src/SX1276.o
 .debug_macro   0x0000000000009636      0x7ca Core/Src/SX1276.o
 .debug_macro   0x0000000000009e00      0x171 Core/Src/libSPI.o
 .debug_macro   0x0000000000009f71       0x40 Core/Src/libSPI.o
 .debug_macro   0x0000000000009fb1       0x18 Core/Src/libSPI.o
 .debug_macro   0x0000000000009fc9       0x94 Core/Src/libSPI.o
 .debug_macro   0x000000000000a05d       0x3c Core/Src/libSPI.o
 .debug_macro   0x000000000000a099       0x34 Core/Src/libSPI.o
 .debug_macro   0x000000000000a0cd      0x174 Core/Src/libSPI.o
 .debug_macro   0x000000000000a241       0x57 Core/Src/libSPI.o
 .debug_macro   0x000000000000a298       0x52 Core/Src/libSPI.o
 .debug_macro   0x000000000000a2ea       0x1f Core/Src/libSPI.o
 .debug_macro   0x000000000000a309       0x43 Core/Src/libSPI.o
 .debug_macro   0x000000000000a34c       0x20 Core/Src/libSPI.o
 .debug_macro   0x000000000000a36c      0x1a3 Core/Src/libSPI.o
 .debug_macro   0x000000000000a50f      0x330 Core/Src/libSPI.o
 .debug_macro   0x000000000000a83f       0x10 Core/Src/libSPI.o
 .debug_macro   0x000000000000a84f       0x35 Core/Src/libSPI.o
 .debug_macro   0x000000000000a884       0x20 Core/Src/libSPI.o
 .debug_macro   0x000000000000a8a4       0x3a Core/Src/libSPI.o
 .debug_macro   0x000000000000a8de       0x10 Core/Src/libSPI.o
 .debug_macro   0x000000000000a8ee       0xb2 Core/Src/libUART.o
 .debug_macro   0x000000000000a9a0      0x263 Core/Src/main.o
 .debug_macro   0x000000000000ac03       0x46 Core/Src/main.o
 .debug_macro   0x000000000000ac49       0x1c Core/Src/main.o
 .debug_macro   0x000000000000ac65       0x10 Core/Src/main.o
 .debug_macro   0x000000000000ac75       0x10 Core/Src/main.o
 .debug_macro   0x000000000000ac85       0x1c Core/Src/main.o
 .debug_macro   0x000000000000aca1       0x52 Core/Src/main.o
 .debug_macro   0x000000000000acf3       0x40 Core/Src/main.o
 .debug_macro   0x000000000000ad33       0x10 Core/Src/main.o
 .debug_macro   0x000000000000ad43       0x40 Core/Src/main.o
 .debug_macro   0x000000000000ad83       0xd7 Core/Src/main.o
 .debug_macro   0x000000000000ae5a       0x1c Core/Src/main.o
 .debug_macro   0x000000000000ae76       0x3d Core/Src/main.o
 .debug_macro   0x000000000000aeb3       0x16 Core/Src/main.o
 .debug_macro   0x000000000000aec9      0x145 Core/Src/main.o
 .debug_macro   0x000000000000b00e      0x1a8 Core/Src/stm32l0xx_it.o
 .debug_macro   0x000000000000b1b6       0xb2 Core/Src/sysInit.o
 .debug_macro   0x000000000000b268      0x1ae Core/Src/sysmem.o
 .debug_macro   0x000000000000b416      0x23b Core/Src/sysmem.o
 .debug_macro   0x000000000000b651       0x16 Core/Src/sysmem.o
 .debug_macro   0x000000000000b667       0xd5 Core/Src/system_stm32l0xx.o
 .debug_macro   0x000000000000b73c       0x2e Core/Src/system_stm32l0xx.o
 .debug_macro   0x000000000000b76a       0x3c Core/Src/system_stm32l0xx.o

.debug_line     0x0000000000000000     0x33bf
 .debug_line    0x0000000000000000      0x6cc Core/Src/SX1276.o
 .debug_line    0x00000000000006cc      0x720 Core/Src/libSPI.o
 .debug_line    0x0000000000000dec      0x509 Core/Src/libUART.o
 .debug_line    0x00000000000012f5      0x826 Core/Src/main.o
 .debug_line    0x0000000000001b1b      0x778 Core/Src/stm32l0xx_it.o
 .debug_line    0x0000000000002293      0x518 Core/Src/sysInit.o
 .debug_line    0x00000000000027ab      0x698 Core/Src/sysmem.o
 .debug_line    0x0000000000002e43      0x4f2 Core/Src/system_stm32l0xx.o
 .debug_line    0x0000000000003335       0x8a Core/Startup/startup_stm32l051c8tx.o

.debug_str      0x0000000000000000    0x39a4d
 .debug_str     0x0000000000000000    0x34b2d Core/Src/SX1276.o
                                      0x34db4 (size before relaxing)
 .debug_str     0x0000000000034b2d     0x3258 Core/Src/libSPI.o
                                      0x35dbc (size before relaxing)
 .debug_str     0x0000000000037d85       0x60 Core/Src/libUART.o
                                      0x328cb (size before relaxing)
 .debug_str     0x0000000000037de5     0x126f Core/Src/main.o
                                      0x38eef (size before relaxing)
 .debug_str     0x0000000000039054       0x76 Core/Src/stm32l0xx_it.o
                                      0x37cac (size before relaxing)
 .debug_str     0x00000000000390ca       0xbb Core/Src/sysInit.o
                                      0x32ae3 (size before relaxing)
 .debug_str     0x0000000000039185      0x4be Core/Src/sysmem.o
                                       0x7a3f (size before relaxing)
 .debug_str     0x0000000000039643      0x3d4 Core/Src/system_stm32l0xx.o
                                      0x32c0d (size before relaxing)
 .debug_str     0x0000000000039a17       0x36 Core/Startup/startup_stm32l051c8tx.o
                                         0x77 (size before relaxing)

.comment        0x0000000000000000       0x7b
 .comment       0x0000000000000000       0x7b Core/Src/SX1276.o
                                         0x7c (size before relaxing)
 .comment       0x000000000000007b       0x7c Core/Src/libSPI.o
 .comment       0x000000000000007b       0x7c Core/Src/libUART.o
 .comment       0x000000000000007b       0x7c Core/Src/main.o
 .comment       0x000000000000007b       0x7c Core/Src/stm32l0xx_it.o
 .comment       0x000000000000007b       0x7c Core/Src/sysInit.o
 .comment       0x000000000000007b       0x7c Core/Src/sysmem.o
 .comment       0x000000000000007b       0x7c Core/Src/system_stm32l0xx.o

.debug_frame    0x0000000000000000      0x7a0
 .debug_frame   0x0000000000000000      0x168 Core/Src/SX1276.o
 .debug_frame   0x0000000000000168       0x4c Core/Src/libSPI.o
 .debug_frame   0x00000000000001b4       0x88 Core/Src/libUART.o
 .debug_frame   0x000000000000023c       0x8c Core/Src/main.o
 .debug_frame   0x00000000000002c8       0x9c Core/Src/stm32l0xx_it.o
 .debug_frame   0x0000000000000364       0x68 Core/Src/sysInit.o
 .debug_frame   0x00000000000003cc       0x30 Core/Src/sysmem.o
 .debug_frame   0x00000000000003fc       0x4c Core/Src/system_stm32l0xx.o
 .debug_frame   0x0000000000000448       0x20 e:/program files/st/stm32cubeide_1.3.0/stm32cubeide/plugins/com.st.stm32cube.ide.mcu.externaltools.gnu-tools-for-stm32.7-2018-q2-update.win32_1.0.0.201904181610/tools/bin/../lib/gcc/arm-none-eabi/7.3.1/../../../../arm-none-eabi/lib/thumb/v6-m\libc_nano.a(lib_a-errno.o)
 .debug_frame   0x0000000000000468       0x2c e:/program files/st/stm32cubeide_1.3.0/stm32cubeide/plugins/com.st.stm32cube.ide.mcu.externaltools.gnu-tools-for-stm32.7-2018-q2-update.win32_1.0.0.201904181610/tools/bin/../lib/gcc/arm-none-eabi/7.3.1/../../../../arm-none-eabi/lib/thumb/v6-m\libc_nano.a(lib_a-init.o)
 .debug_frame   0x0000000000000494       0x20 e:/program files/st/stm32cubeide_1.3.0/stm32cubeide/plugins/com.st.stm32cube.ide.mcu.externaltools.gnu-tools-for-stm32.7-2018-q2-update.win32_1.0.0.201904181610/tools/bin/../lib/gcc/arm-none-eabi/7.3.1/../../../../arm-none-eabi/lib/thumb/v6-m\libc_nano.a(lib_a-memset.o)
 .debug_frame   0x00000000000004b4       0x48 e:/program files/st/stm32cubeide_1.3.0/stm32cubeide/plugins/com.st.stm32cube.ide.mcu.externaltools.gnu-tools-for-stm32.7-2018-q2-update.win32_1.0.0.201904181610/tools/bin/../lib/gcc/arm-none-eabi/7.3.1/../../../../arm-none-eabi/lib/thumb/v6-m\libc_nano.a(lib_a-sprintf.o)
 .debug_frame   0x00000000000004fc       0x74 e:/program files/st/stm32cubeide_1.3.0/stm32cubeide/plugins/com.st.stm32cube.ide.mcu.externaltools.gnu-tools-for-stm32.7-2018-q2-update.win32_1.0.0.201904181610/tools/bin/../lib/gcc/arm-none-eabi/7.3.1/../../../../arm-none-eabi/lib/thumb/v6-m\libc_nano.a(lib_a-nano-svfprintf.o)
 .debug_frame   0x0000000000000570       0x54 e:/program files/st/stm32cubeide_1.3.0/stm32cubeide/plugins/com.st.stm32cube.ide.mcu.externaltools.gnu-tools-for-stm32.7-2018-q2-update.win32_1.0.0.201904181610/tools/bin/../lib/gcc/arm-none-eabi/7.3.1/../../../../arm-none-eabi/lib/thumb/v6-m\libc_nano.a(lib_a-nano-vfprintf_i.o)
 .debug_frame   0x00000000000005c4       0x20 e:/program files/st/stm32cubeide_1.3.0/stm32cubeide/plugins/com.st.stm32cube.ide.mcu.externaltools.gnu-tools-for-stm32.7-2018-q2-update.win32_1.0.0.201904181610/tools/bin/../lib/gcc/arm-none-eabi/7.3.1/../../../../arm-none-eabi/lib/thumb/v6-m\libc_nano.a(lib_a-memchr-stub.o)
 .debug_frame   0x00000000000005e4       0x28 e:/program files/st/stm32cubeide_1.3.0/stm32cubeide/plugins/com.st.stm32cube.ide.mcu.externaltools.gnu-tools-for-stm32.7-2018-q2-update.win32_1.0.0.201904181610/tools/bin/../lib/gcc/arm-none-eabi/7.3.1/../../../../arm-none-eabi/lib/thumb/v6-m\libc_nano.a(lib_a-memcpy-stub.o)
 .debug_frame   0x000000000000060c       0x28 e:/program files/st/stm32cubeide_1.3.0/stm32cubeide/plugins/com.st.stm32cube.ide.mcu.externaltools.gnu-tools-for-stm32.7-2018-q2-update.win32_1.0.0.201904181610/tools/bin/../lib/gcc/arm-none-eabi/7.3.1/../../../../arm-none-eabi/lib/thumb/v6-m\libc_nano.a(lib_a-memmove.o)
 .debug_frame   0x0000000000000634       0x2c e:/program files/st/stm32cubeide_1.3.0/stm32cubeide/plugins/com.st.stm32cube.ide.mcu.externaltools.gnu-tools-for-stm32.7-2018-q2-update.win32_1.0.0.201904181610/tools/bin/../lib/gcc/arm-none-eabi/7.3.1/../../../../arm-none-eabi/lib/thumb/v6-m\libc_nano.a(lib_a-nano-freer.o)
 .debug_frame   0x0000000000000660       0x2c e:/program files/st/stm32cubeide_1.3.0/stm32cubeide/plugins/com.st.stm32cube.ide.mcu.externaltools.gnu-tools-for-stm32.7-2018-q2-update.win32_1.0.0.201904181610/tools/bin/../lib/gcc/arm-none-eabi/7.3.1/../../../../arm-none-eabi/lib/thumb/v6-m\libc_nano.a(lib_a-nano-mallocr.o)
 .debug_frame   0x000000000000068c       0x30 e:/program files/st/stm32cubeide_1.3.0/stm32cubeide/plugins/com.st.stm32cube.ide.mcu.externaltools.gnu-tools-for-stm32.7-2018-q2-update.win32_1.0.0.201904181610/tools/bin/../lib/gcc/arm-none-eabi/7.3.1/../../../../arm-none-eabi/lib/thumb/v6-m\libc_nano.a(lib_a-nano-reallocr.o)
 .debug_frame   0x00000000000006bc       0x2c e:/program files/st/stm32cubeide_1.3.0/stm32cubeide/plugins/com.st.stm32cube.ide.mcu.externaltools.gnu-tools-for-stm32.7-2018-q2-update.win32_1.0.0.201904181610/tools/bin/../lib/gcc/arm-none-eabi/7.3.1/../../../../arm-none-eabi/lib/thumb/v6-m\libc_nano.a(lib_a-sbrkr.o)
 .debug_frame   0x00000000000006e8       0x30 e:/program files/st/stm32cubeide_1.3.0/stm32cubeide/plugins/com.st.stm32cube.ide.mcu.externaltools.gnu-tools-for-stm32.7-2018-q2-update.win32_1.0.0.201904181610/tools/bin/../lib/gcc/arm-none-eabi/7.3.1/../../../../arm-none-eabi/lib/thumb/v6-m\libc_nano.a(lib_a-mlock.o)
 .debug_frame   0x0000000000000718       0x20 e:/program files/st/stm32cubeide_1.3.0/stm32cubeide/plugins/com.st.stm32cube.ide.mcu.externaltools.gnu-tools-for-stm32.7-2018-q2-update.win32_1.0.0.201904181610/tools/bin/../lib/gcc/arm-none-eabi/7.3.1/../../../../arm-none-eabi/lib/thumb/v6-m\libc_nano.a(lib_a-nano-msizer.o)
 .debug_frame   0x0000000000000738       0x48 e:/program files/st/stm32cubeide_1.3.0/stm32cubeide/plugins/com.st.stm32cube.ide.mcu.externaltools.gnu-tools-for-stm32.7-2018-q2-update.win32_1.0.0.201904181610/tools/bin/../lib/gcc/arm-none-eabi/7.3.1/../../../../arm-none-eabi/lib/thumb/v6-m\libc_nano.a(lib_a-reent.o)
 .debug_frame   0x0000000000000780       0x20 e:/program files/st/stm32cubeide_1.3.0/stm32cubeide/plugins/com.st.stm32cube.ide.mcu.externaltools.gnu-tools-for-stm32.7-2018-q2-update.win32_1.0.0.201904181610/tools/bin/../lib/gcc/arm-none-eabi/7.3.1/thumb/v6-m\libgcc.a(_udivsi3.o)
