Archive member included to satisfy reference by file (symbol)

e:/program files/st/stm32cubeide_1.3.0/stm32cubeide/plugins/com.st.stm32cube.ide.mcu.externaltools.gnu-tools-for-stm32.7-2018-q2-update.win32_1.0.0.201904181610/tools/bin/../lib/gcc/arm-none-eabi/7.3.1/../../../../arm-none-eabi/lib/thumb/v6-m\libc_nano.a(lib_a-errno.o)
                              Core/Src/syscalls.o (__errno)
e:/program files/st/stm32cubeide_1.3.0/stm32cubeide/plugins/com.st.stm32cube.ide.mcu.externaltools.gnu-tools-for-stm32.7-2018-q2-update.win32_1.0.0.201904181610/tools/bin/../lib/gcc/arm-none-eabi/7.3.1/../../../../arm-none-eabi/lib/thumb/v6-m\libc_nano.a(lib_a-exit.o)
                              e:/program files/st/stm32cubeide_1.3.0/stm32cubeide/plugins/com.st.stm32cube.ide.mcu.externaltools.gnu-tools-for-stm32.7-2018-q2-update.win32_1.0.0.201904181610/tools/bin/../lib/gcc/arm-none-eabi/7.3.1/../../../../arm-none-eabi/lib/thumb/v6-m/crt0.o (exit)
e:/program files/st/stm32cubeide_1.3.0/stm32cubeide/plugins/com.st.stm32cube.ide.mcu.externaltools.gnu-tools-for-stm32.7-2018-q2-update.win32_1.0.0.201904181610/tools/bin/../lib/gcc/arm-none-eabi/7.3.1/../../../../arm-none-eabi/lib/thumb/v6-m\libc_nano.a(lib_a-impure.o)
                              e:/program files/st/stm32cubeide_1.3.0/stm32cubeide/plugins/com.st.stm32cube.ide.mcu.externaltools.gnu-tools-for-stm32.7-2018-q2-update.win32_1.0.0.201904181610/tools/bin/../lib/gcc/arm-none-eabi/7.3.1/../../../../arm-none-eabi/lib/thumb/v6-m\libc_nano.a(lib_a-exit.o) (_global_impure_ptr)
e:/program files/st/stm32cubeide_1.3.0/stm32cubeide/plugins/com.st.stm32cube.ide.mcu.externaltools.gnu-tools-for-stm32.7-2018-q2-update.win32_1.0.0.201904181610/tools/bin/../lib/gcc/arm-none-eabi/7.3.1/../../../../arm-none-eabi/lib/thumb/v6-m\libc_nano.a(lib_a-init.o)
                              e:/program files/st/stm32cubeide_1.3.0/stm32cubeide/plugins/com.st.stm32cube.ide.mcu.externaltools.gnu-tools-for-stm32.7-2018-q2-update.win32_1.0.0.201904181610/tools/bin/../lib/gcc/arm-none-eabi/7.3.1/../../../../arm-none-eabi/lib/thumb/v6-m/crt0.o (__libc_init_array)
e:/program files/st/stm32cubeide_1.3.0/stm32cubeide/plugins/com.st.stm32cube.ide.mcu.externaltools.gnu-tools-for-stm32.7-2018-q2-update.win32_1.0.0.201904181610/tools/bin/../lib/gcc/arm-none-eabi/7.3.1/../../../../arm-none-eabi/lib/thumb/v6-m\libc_nano.a(lib_a-memset.o)
                              e:/program files/st/stm32cubeide_1.3.0/stm32cubeide/plugins/com.st.stm32cube.ide.mcu.externaltools.gnu-tools-for-stm32.7-2018-q2-update.win32_1.0.0.201904181610/tools/bin/../lib/gcc/arm-none-eabi/7.3.1/../../../../arm-none-eabi/lib/thumb/v6-m/crt0.o (memset)
e:/program files/st/stm32cubeide_1.3.0/stm32cubeide/plugins/com.st.stm32cube.ide.mcu.externaltools.gnu-tools-for-stm32.7-2018-q2-update.win32_1.0.0.201904181610/tools/bin/../lib/gcc/arm-none-eabi/7.3.1/thumb/v6-m\libgcc.a(_udivsi3.o)
                              Core/Src/system_stm32l0xx.o (__aeabi_uidiv)
e:/program files/st/stm32cubeide_1.3.0/stm32cubeide/plugins/com.st.stm32cube.ide.mcu.externaltools.gnu-tools-for-stm32.7-2018-q2-update.win32_1.0.0.201904181610/tools/bin/../lib/gcc/arm-none-eabi/7.3.1/thumb/v6-m\libgcc.a(_dvmd_tls.o)
                              e:/program files/st/stm32cubeide_1.3.0/stm32cubeide/plugins/com.st.stm32cube.ide.mcu.externaltools.gnu-tools-for-stm32.7-2018-q2-update.win32_1.0.0.201904181610/tools/bin/../lib/gcc/arm-none-eabi/7.3.1/thumb/v6-m\libgcc.a(_udivsi3.o) (__aeabi_idiv0)

Allocating common symbols
Common symbol       size              file

uwTick              0x4               Drivers/STM32L0xx_HAL_Driver/Src/stm32l0xx_hal.o
pFlash              0x18              Drivers/STM32L0xx_HAL_Driver/Src/stm32l0xx_hal_flash.o
fr_rssi             0x1               Core/Src/SX1276.o
RX_BUF              0x10              Core/Src/SX1276.o
i                   0x1               Core/Src/SX1276.o
counter             0x1               Core/Src/SX1276.o
rx_bytes            0x1               Core/Src/SX1276.o
rssi                0x1               Core/Src/SX1276.o
snr                 0x1               Core/Src/SX1276.o

Discarded input sections

 .text          0x0000000000000000        0x0 e:/program files/st/stm32cubeide_1.3.0/stm32cubeide/plugins/com.st.stm32cube.ide.mcu.externaltools.gnu-tools-for-stm32.7-2018-q2-update.win32_1.0.0.201904181610/tools/bin/../lib/gcc/arm-none-eabi/7.3.1/thumb/v6-m/crti.o
 .data          0x0000000000000000        0x0 e:/program files/st/stm32cubeide_1.3.0/stm32cubeide/plugins/com.st.stm32cube.ide.mcu.externaltools.gnu-tools-for-stm32.7-2018-q2-update.win32_1.0.0.201904181610/tools/bin/../lib/gcc/arm-none-eabi/7.3.1/thumb/v6-m/crti.o
 .bss           0x0000000000000000        0x0 e:/program files/st/stm32cubeide_1.3.0/stm32cubeide/plugins/com.st.stm32cube.ide.mcu.externaltools.gnu-tools-for-stm32.7-2018-q2-update.win32_1.0.0.201904181610/tools/bin/../lib/gcc/arm-none-eabi/7.3.1/thumb/v6-m/crti.o
[...]
Memory Configuration

Name             Origin             Length             Attributes
RAM              0x0000000020000000 0x0000000000002000 xrw
FLASH            0x0000000008000000 0x0000000000010000 xr
*default*        0x0000000000000000 0xffffffffffffffff

Linker script and memory map

LOAD e:/program files/st/stm32cubeide_1.3.0/stm32cubeide/plugins/com.st.stm32cube.ide.mcu.externaltools.gnu-tools-for-stm32.7-2018-q2-update.win32_1.0.0.201904181610/tools/bin/../lib/gcc/arm-none-eabi/7.3.1/thumb/v6-m/crti.o
LOAD e:/program files/st/stm32cubeide_1.3.0/stm32cubeide/plugins/com.st.stm32cube.ide.mcu.externaltools.gnu-tools-for-stm32.7-2018-q2-update.win32_1.0.0.201904181610/tools/bin/../lib/gcc/arm-none-eabi/7.3.1/thumb/v6-m/crtbegin.o
LOAD e:/program files/st/stm32cubeide_1.3.0/stm32cubeide/plugins/com.st.stm32cube.ide.mcu.externaltools.gnu-tools-for-stm32.7-2018-q2-update.win32_1.0.0.201904181610/tools/bin/../lib/gcc/arm-none-eabi/7.3.1/../../../../arm-none-eabi/lib/thumb/v6-m/crt0.o
LOAD Core/Src/SX1276.o
LOAD Core/Src/libSPI.o
LOAD Core/Src/main.o
LOAD Core/Src/stm32l0xx_hal_msp.o
LOAD Core/Src/stm32l0xx_it.o
LOAD Core/Src/sysInit.o
LOAD Core/Src/syscalls.o
LOAD Core/Src/sysmem.o
LOAD Core/Src/system_stm32l0xx.o
LOAD Core/Startup/startup_stm32l051c8tx.o
LOAD Drivers/STM32L0xx_HAL_Driver/Src/stm32l0xx_hal.o
LOAD Drivers/STM32L0xx_HAL_Driver/Src/stm32l0xx_hal_cortex.o
LOAD Drivers/STM32L0xx_HAL_Driver/Src/stm32l0xx_hal_dma.o
LOAD Drivers/STM32L0xx_HAL_Driver/Src/stm32l0xx_hal_flash.o
LOAD Drivers/STM32L0xx_HAL_Driver/Src/stm32l0xx_hal_flash_ex.o
LOAD Drivers/STM32L0xx_HAL_Driver/Src/stm32l0xx_hal_flash_ramfunc.o
LOAD Drivers/STM32L0xx_HAL_Driver/Src/stm32l0xx_hal_gpio.o
LOAD Drivers/STM32L0xx_HAL_Driver/Src/stm32l0xx_hal_i2c.o
LOAD Drivers/STM32L0xx_HAL_Driver/Src/stm32l0xx_hal_i2c_ex.o
LOAD Drivers/STM32L0xx_HAL_Driver/Src/stm32l0xx_hal_pwr.o
LOAD Drivers/STM32L0xx_HAL_Driver/Src/stm32l0xx_hal_pwr_ex.o
LOAD Drivers/STM32L0xx_HAL_Driver/Src/stm32l0xx_hal_rcc.o
LOAD Drivers/STM32L0xx_HAL_Driver/Src/stm32l0xx_hal_rcc_ex.o
LOAD Drivers/STM32L0xx_HAL_Driver/Src/stm32l0xx_hal_tim.o
LOAD Drivers/STM32L0xx_HAL_Driver/Src/stm32l0xx_hal_tim_ex.o
START GROUP
LOAD e:/program files/st/stm32cubeide_1.3.0/stm32cubeide/plugins/com.st.stm32cube.ide.mcu.externaltools.gnu-tools-for-stm32.7-2018-q2-update.win32_1.0.0.201904181610/tools/bin/../lib/gcc/arm-none-eabi/7.3.1/../../../../arm-none-eabi/lib/thumb/v6-m\libc_nano.a
LOAD e:/program files/st/stm32cubeide_1.3.0/stm32cubeide/plugins/com.st.stm32cube.ide.mcu.externaltools.gnu-tools-for-stm32.7-2018-q2-update.win32_1.0.0.201904181610/tools/bin/../lib/gcc/arm-none-eabi/7.3.1/../../../../arm-none-eabi/lib/thumb/v6-m\libm.a
END GROUP
START GROUP
LOAD e:/program files/st/stm32cubeide_1.3.0/stm32cubeide/plugins/com.st.stm32cube.ide.mcu.externaltools.gnu-tools-for-stm32.7-2018-q2-update.win32_1.0.0.201904181610/tools/bin/../lib/gcc/arm-none-eabi/7.3.1/thumb/v6-m\libgcc.a
LOAD e:/program files/st/stm32cubeide_1.3.0/stm32cubeide/plugins/com.st.stm32cube.ide.mcu.externaltools.gnu-tools-for-stm32.7-2018-q2-update.win32_1.0.0.201904181610/tools/bin/../lib/gcc/arm-none-eabi/7.3.1/../../../../arm-none-eabi/lib/thumb/v6-m\libc_nano.a
END GROUP
START GROUP
LOAD e:/program files/st/stm32cubeide_1.3.0/stm32cubeide/plugins/com.st.stm32cube.ide.mcu.externaltools.gnu-tools-for-stm32.7-2018-q2-update.win32_1.0.0.201904181610/tools/bin/../lib/gcc/arm-none-eabi/7.3.1/thumb/v6-m\libgcc.a
LOAD e:/program files/st/stm32cubeide_1.3.0/stm32cubeide/plugins/com.st.stm32cube.ide.mcu.externaltools.gnu-tools-for-stm32.7-2018-q2-update.win32_1.0.0.201904181610/tools/bin/../lib/gcc/arm-none-eabi/7.3.1/../../../../arm-none-eabi/lib/thumb/v6-m\libc_nano.a
LOAD e:/program files/st/stm32cubeide_1.3.0/stm32cubeide/plugins/com.st.stm32cube.ide.mcu.externaltools.gnu-tools-for-stm32.7-2018-q2-update.win32_1.0.0.201904181610/tools/bin/../lib/gcc/arm-none-eabi/7.3.1/../../../../arm-none-eabi/lib/thumb/v6-m\libnosys.a
END GROUP
START GROUP
LOAD e:/program files/st/stm32cubeide_1.3.0/stm32cubeide/plugins/com.st.stm32cube.ide.mcu.externaltools.gnu-tools-for-stm32.7-2018-q2-update.win32_1.0.0.201904181610/tools/bin/../lib/gcc/arm-none-eabi/7.3.1/thumb/v6-m\libgcc.a
LOAD e:/program files/st/stm32cubeide_1.3.0/stm32cubeide/plugins/com.st.stm32cube.ide.mcu.externaltools.gnu-tools-for-stm32.7-2018-q2-update.win32_1.0.0.201904181610/tools/bin/../lib/gcc/arm-none-eabi/7.3.1/../../../../arm-none-eabi/lib/thumb/v6-m\libc_nano.a
LOAD e:/program files/st/stm32cubeide_1.3.0/stm32cubeide/plugins/com.st.stm32cube.ide.mcu.externaltools.gnu-tools-for-stm32.7-2018-q2-update.win32_1.0.0.201904181610/tools/bin/../lib/gcc/arm-none-eabi/7.3.1/../../../../arm-none-eabi/lib/thumb/v6-m\libnosys.a
END GROUP
LOAD e:/program files/st/stm32cubeide_1.3.0/stm32cubeide/plugins/com.st.stm32cube.ide.mcu.externaltools.gnu-tools-for-stm32.7-2018-q2-update.win32_1.0.0.201904181610/tools/bin/../lib/gcc/arm-none-eabi/7.3.1/thumb/v6-m/crtend.o
LOAD e:/program files/st/stm32cubeide_1.3.0/stm32cubeide/plugins/com.st.stm32cube.ide.mcu.externaltools.gnu-tools-for-stm32.7-2018-q2-update.win32_1.0.0.201904181610/tools/bin/../lib/gcc/arm-none-eabi/7.3.1/thumb/v6-m/crtn.o
                0x0000000020002000                _estack = (ORIGIN (RAM) + LENGTH (RAM))
                0x0000000000000200                _Min_Heap_Size = 0x200
                0x0000000000000400                _Min_Stack_Size = 0x400

.isr_vector     0x0000000008000000       0xc0
                0x0000000008000000                . = ALIGN (0x4)
 *(.isr_vector)
 .isr_vector    0x0000000008000000       0xc0 Core/Startup/startup_stm32l051c8tx.o
                0x0000000008000000                g_pfnVectors
                0x00000000080000c0                . = ALIGN (0x4)

.text           0x00000000080000c0      0xdcc
                0x00000000080000c0                . = ALIGN (0x4)
 *(.text)
 .text          0x00000000080000c0       0x48 e:/program files/st/stm32cubeide_1.3.0/stm32cubeide/plugins/com.st.stm32cube.ide.mcu.externaltools.gnu-tools-for-stm32.7-2018-q2-update.win32_1.0.0.201904181610/tools/bin/../lib/gcc/arm-none-eabi/7.3.1/thumb/v6-m/crtbegin.o
 *(.text*)
 .text.NVIC_EnableIRQ
                0x0000000008000108       0x2c Core/Src/SX1276.o
 .text.Delay    0x0000000008000134       0x1e Core/Src/SX1276.o
                0x0000000008000134                Delay
 *fill*         0x0000000008000152        0x2 
 .text.SX1276Init
                0x0000000008000154      0x158 Core/Src/SX1276.o
                0x0000000008000154                SX1276Init
 .text.SX1276_WriteSingle
                0x00000000080002ac       0xbc Core/Src/SX1276.o
                0x00000000080002ac                SX1276_WriteSingle
 .text.SX1276_ReadSingle
                0x0000000008000368       0xa8 Core/Src/SX1276.o
                0x0000000008000368                SX1276_ReadSingle
 .text.SX1276_WriteBurst
                0x0000000008000410       0xdc Core/Src/SX1276.o
                0x0000000008000410                SX1276_WriteBurst
 .text.SX1276_ReadBurst
                0x00000000080004ec       0xd4 Core/Src/SX1276.o
                0x00000000080004ec                SX1276_ReadBurst
 .text.SX1276_Init
                0x00000000080005c0       0xa4 Core/Src/SX1276.o
                0x00000000080005c0                SX1276_Init
 .text.SX1276_ReadRXBUF
                0x0000000008000664       0xa0 Core/Src/SX1276.o
                0x0000000008000664                SX1276_ReadRXBUF
 .text.SX1276_SendTXBUF
                0x0000000008000704       0xb4 Core/Src/SX1276.o
                0x0000000008000704                SX1276_SendTXBUF
 .text.SX1276_CleanBuffer
                0x00000000080007b8       0x22 Core/Src/SX1276.o
                0x00000000080007b8                SX1276_CleanBuffer
 *fill*         0x00000000080007da        0x2 
 .text.NVIC_EnableIRQ
                0x00000000080007dc       0x2c Core/Src/libSPI.o
 .text.initSPI1
                0x0000000008000808      0x244 Core/Src/libSPI.o
                0x0000000008000808                initSPI1
 .text.main     0x0000000008000a4c      0x138 Core/Src/main.o
                0x0000000008000a4c                main
 .text.EXTI4_15_IRQHandler
                0x0000000008000b84       0x28 Core/Src/main.o
                0x0000000008000b84                EXTI4_15_IRQHandler
 .text.setRFSwitch
                0x0000000008000bac       0x5e Core/Src/main.o
                0x0000000008000bac                setRFSwitch
 .text.NMI_Handler
                0x0000000008000c0a        0xa Core/Src/stm32l0xx_it.o
                0x0000000008000c0a                NMI_Handler
 .text.HardFault_Handler
                0x0000000008000c14        0x6 Core/Src/stm32l0xx_it.o
                0x0000000008000c14                HardFault_Handler
 .text.SVC_Handler
                0x0000000008000c1a        0xa Core/Src/stm32l0xx_it.o
                0x0000000008000c1a                SVC_Handler
 .text.PendSV_Handler
                0x0000000008000c24        0xa Core/Src/stm32l0xx_it.o
                0x0000000008000c24                PendSV_Handler
 .text.SysTick_Handler
                0x0000000008000c2e        0xa Core/Src/stm32l0xx_it.o
                0x0000000008000c2e                SysTick_Handler
 .text.clockInit
                0x0000000008000c38      0x114 Core/Src/sysInit.o
                0x0000000008000c38                clockInit
 .text.SystemInit
                0x0000000008000d4c       0x7c Core/Src/system_stm32l0xx.o
                0x0000000008000d4c                SystemInit
 .text.Reset_Handler
                0x0000000008000dc8       0x50 Core/Startup/startup_stm32l051c8tx.o
                0x0000000008000dc8                Reset_Handler
 .text.Default_Handler
                0x0000000008000e18        0x2 Core/Startup/startup_stm32l051c8tx.o
                0x0000000008000e18                ADC1_COMP_IRQHandler
                0x0000000008000e18                TIM6_IRQHandler
                0x0000000008000e18                PVD_IRQHandler
                0x0000000008000e18                I2C1_IRQHandler
                0x0000000008000e18                SPI1_IRQHandler
                0x0000000008000e18                EXTI2_3_IRQHandler
                0x0000000008000e18                I2C2_IRQHandler
                0x0000000008000e18                RTC_IRQHandler
                0x0000000008000e18                DMA1_Channel4_5_6_7_IRQHandler
                0x0000000008000e18                RCC_IRQHandler
                0x0000000008000e18                DMA1_Channel1_IRQHandler
                0x0000000008000e18                Default_Handler
                0x0000000008000e18                TIM22_IRQHandler
                0x0000000008000e18                EXTI0_1_IRQHandler
                0x0000000008000e18                SPI2_IRQHandler
                0x0000000008000e18                TIM21_IRQHandler
                0x0000000008000e18                WWDG_IRQHandler
                0x0000000008000e18                LPUART1_IRQHandler
                0x0000000008000e18                TIM2_IRQHandler
                0x0000000008000e18                DMA1_Channel2_3_IRQHandler
                0x0000000008000e18                USART2_IRQHandler
                0x0000000008000e18                FLASH_IRQHandler
                0x0000000008000e18                USART1_IRQHandler
                0x0000000008000e18                LPTIM1_IRQHandler
 *fill*         0x0000000008000e1a        0x2 
 .text.__libc_init_array
                0x0000000008000e1c       0x48 e:/program files/st/stm32cubeide_1.3.0/stm32cubeide/plugins/com.st.stm32cube.ide.mcu.externaltools.gnu-tools-for-stm32.7-2018-q2-update.win32_1.0.0.201904181610/tools/bin/../lib/gcc/arm-none-eabi/7.3.1/../../../../arm-none-eabi/lib/thumb/v6-m\libc_nano.a(lib_a-init.o)
                0x0000000008000e1c                __libc_init_array
 .text.memset   0x0000000008000e64       0x10 e:/program files/st/stm32cubeide_1.3.0/stm32cubeide/plugins/com.st.stm32cube.ide.mcu.externaltools.gnu-tools-for-stm32.7-2018-q2-update.win32_1.0.0.201904181610/tools/bin/../lib/gcc/arm-none-eabi/7.3.1/../../../../arm-none-eabi/lib/thumb/v6-m\libc_nano.a(lib_a-memset.o)
                0x0000000008000e64                memset
 *(.glue_7)
 .glue_7        0x0000000008000e74        0x0 linker stubs
 *(.glue_7t)
 .glue_7t       0x0000000008000e74        0x0 linker stubs
 *(.eh_frame)
 .eh_frame      0x0000000008000e74        0x0 e:/program files/st/stm32cubeide_1.3.0/stm32cubeide/plugins/com.st.stm32cube.ide.mcu.externaltools.gnu-tools-for-stm32.7-2018-q2-update.win32_1.0.0.201904181610/tools/bin/../lib/gcc/arm-none-eabi/7.3.1/thumb/v6-m/crtbegin.o
 *(.init)
 .init          0x0000000008000e74        0x4 e:/program files/st/stm32cubeide_1.3.0/stm32cubeide/plugins/com.st.stm32cube.ide.mcu.externaltools.gnu-tools-for-stm32.7-2018-q2-update.win32_1.0.0.201904181610/tools/bin/../lib/gcc/arm-none-eabi/7.3.1/thumb/v6-m/crti.o
                0x0000000008000e74                _init
 .init          0x0000000008000e78        0x8 e:/program files/st/stm32cubeide_1.3.0/stm32cubeide/plugins/com.st.stm32cube.ide.mcu.externaltools.gnu-tools-for-stm32.7-2018-q2-update.win32_1.0.0.201904181610/tools/bin/../lib/gcc/arm-none-eabi/7.3.1/thumb/v6-m/crtn.o
 *(.fini)
 .fini          0x0000000008000e80        0x4 e:/program files/st/stm32cubeide_1.3.0/stm32cubeide/plugins/com.st.stm32cube.ide.mcu.externaltools.gnu-tools-for-stm32.7-2018-q2-update.win32_1.0.0.201904181610/tools/bin/../lib/gcc/arm-none-eabi/7.3.1/thumb/v6-m/crti.o
                0x0000000008000e80                _fini
 .fini          0x0000000008000e84        0x8 e:/program files/st/stm32cubeide_1.3.0/stm32cubeide/plugins/com.st.stm32cube.ide.mcu.externaltools.gnu-tools-for-stm32.7-2018-q2-update.win32_1.0.0.201904181610/tools/bin/../lib/gcc/arm-none-eabi/7.3.1/thumb/v6-m/crtn.o
                0x0000000008000e8c                . = ALIGN (0x4)
                0x0000000008000e8c                _etext = .

.vfp11_veneer   0x0000000008000e8c        0x0
 .vfp11_veneer  0x0000000008000e8c        0x0 linker stubs

.v4_bx          0x0000000008000e8c        0x0
 .v4_bx         0x0000000008000e8c        0x0 linker stubs

.iplt           0x0000000008000e8c        0x0
 .iplt          0x0000000008000e8c        0x0 e:/program files/st/stm32cubeide_1.3.0/stm32cubeide/plugins/com.st.stm32cube.ide.mcu.externaltools.gnu-tools-for-stm32.7-2018-q2-update.win32_1.0.0.201904181610/tools/bin/../lib/gcc/arm-none-eabi/7.3.1/thumb/v6-m/crtbegin.o

.rodata         0x0000000008000e8c      0x114
                0x0000000008000e8c                . = ALIGN (0x4)
 *(.rodata)
 .rodata        0x0000000008000e8c       0xff Core/Src/main.o
 *(.rodata*)
 *fill*         0x0000000008000f8b        0x1 
 .rodata.LoRa_config
                0x0000000008000f8c       0x14 Core/Src/SX1276.o
                0x0000000008000f8c                LoRa_config
                0x0000000008000fa0                . = ALIGN (0x4)

.rel.dyn        0x0000000008000fa0        0x0
 .rel.iplt      0x0000000008000fa0        0x0 e:/program files/st/stm32cubeide_1.3.0/stm32cubeide/plugins/com.st.stm32cube.ide.mcu.externaltools.gnu-tools-for-stm32.7-2018-q2-update.win32_1.0.0.201904181610/tools/bin/../lib/gcc/arm-none-eabi/7.3.1/thumb/v6-m/crtbegin.o

.ARM.extab      0x0000000008000fa0        0x0
                0x0000000008000fa0                . = ALIGN (0x4)
 *(.ARM.extab* .gnu.linkonce.armextab.*)
                0x0000000008000fa0                . = ALIGN (0x4)

.ARM            0x0000000008000fa0        0x0
                0x0000000008000fa0                . = ALIGN (0x4)
                0x0000000008000fa0                __exidx_start = .
 *(.ARM.exidx*)
                0x0000000008000fa0                __exidx_end = .
                0x0000000008000fa0                . = ALIGN (0x4)

.preinit_array  0x0000000008000fa0        0x0
                0x0000000008000fa0                . = ALIGN (0x4)
                0x0000000008000fa0                PROVIDE (__preinit_array_start = .)
 *(.preinit_array*)
                0x0000000008000fa0                PROVIDE (__preinit_array_end = .)
                0x0000000008000fa0                . = ALIGN (0x4)

.init_array     0x0000000008000fa0        0x4
                0x0000000008000fa0                . = ALIGN (0x4)
                0x0000000008000fa0                PROVIDE (__init_array_start = .)
 *(SORT_BY_NAME(.init_array.*))
 *(.init_array*)
 .init_array    0x0000000008000fa0        0x4 e:/program files/st/stm32cubeide_1.3.0/stm32cubeide/plugins/com.st.stm32cube.ide.mcu.externaltools.gnu-tools-for-stm32.7-2018-q2-update.win32_1.0.0.201904181610/tools/bin/../lib/gcc/arm-none-eabi/7.3.1/thumb/v6-m/crtbegin.o
                0x0000000008000fa4                PROVIDE (__init_array_end = .)
                0x0000000008000fa4                . = ALIGN (0x4)

.fini_array     0x0000000008000fa4        0x4
                0x0000000008000fa4                . = ALIGN (0x4)
                [!provide]                        PROVIDE (__fini_array_start = .)
 *(SORT_BY_NAME(.fini_array.*))
 *(.fini_array*)
 .fini_array    0x0000000008000fa4        0x4 e:/program files/st/stm32cubeide_1.3.0/stm32cubeide/plugins/com.st.stm32cube.ide.mcu.externaltools.gnu-tools-for-stm32.7-2018-q2-update.win32_1.0.0.201904181610/tools/bin/../lib/gcc/arm-none-eabi/7.3.1/thumb/v6-m/crtbegin.o
                [!provide]                        PROVIDE (__fini_array_end = .)
                0x0000000008000fa8                . = ALIGN (0x4)
                0x0000000008000fa8                _sidata = LOADADDR (.data)

.data           0x0000000020000000        0x0 load address 0x0000000008000fa8
                0x0000000020000000                . = ALIGN (0x4)
                0x0000000020000000                _sdata = .
 *(.data)
 *(.data*)
                0x0000000020000000                . = ALIGN (0x4)
                0x0000000020000000                _edata = .

.igot.plt       0x0000000020000000        0x0 load address 0x0000000008000fa8
 .igot.plt      0x0000000020000000        0x0 e:/program files/st/stm32cubeide_1.3.0/stm32cubeide/plugins/com.st.stm32cube.ide.mcu.externaltools.gnu-tools-for-stm32.7-2018-q2-update.win32_1.0.0.201904181610/tools/bin/../lib/gcc/arm-none-eabi/7.3.1/thumb/v6-m/crtbegin.o
                0x0000000020000000                . = ALIGN (0x4)

.bss            0x0000000020000000       0x3c load address 0x0000000008000fa8
                0x0000000020000000                _sbss = .
                0x0000000020000000                __bss_start__ = _sbss
 *(.bss)
 .bss           0x0000000020000000       0x1c e:/program files/st/stm32cubeide_1.3.0/stm32cubeide/plugins/com.st.stm32cube.ide.mcu.externaltools.gnu-tools-for-stm32.7-2018-q2-update.win32_1.0.0.201904181610/tools/bin/../lib/gcc/arm-none-eabi/7.3.1/thumb/v6-m/crtbegin.o
 *(.bss*)
 .bss.isDIO_0_Flag
                0x000000002000001c        0x1 Core/Src/main.o
                0x000000002000001c                isDIO_0_Flag
 *(COMMON)
 *fill*         0x000000002000001d        0x3 
 COMMON         0x0000000020000020       0x19 Core/Src/SX1276.o
                0x0000000020000020                fr_rssi
                0x0000000020000024                RX_BUF
                0x0000000020000034                i
                0x0000000020000035                counter
                0x0000000020000036                rx_bytes
                0x0000000020000037                rssi
                0x0000000020000038                snr
                0x000000002000003c                . = ALIGN (0x4)
 *fill*         0x0000000020000039        0x3 
                0x000000002000003c                _ebss = .
                0x000000002000003c                __bss_end__ = _ebss

._user_heap_stack
                0x000000002000003c      0x604 load address 0x0000000008000fa8
                0x0000000020000040                . = ALIGN (0x8)
 *fill*         0x000000002000003c        0x4 
                0x0000000020000040                PROVIDE (end = .)
                [!provide]                        PROVIDE (_end = .)
                0x0000000020000240                . = (. + _Min_Heap_Size)
 *fill*         0x0000000020000040      0x200 
                0x0000000020000640                . = (. + _Min_Stack_Size)
 *fill*         0x0000000020000240      0x400 
                0x0000000020000640                . = ALIGN (0x8)

/DISCARD/
 libc.a(*)
 libm.a(*)
 libgcc.a(*)

.ARM.attributes
                0x0000000000000000       0x28
 *(.ARM.attributes)
 .ARM.attributes
                0x0000000000000000       0x1e e:/program files/st/stm32cubeide_1.3.0/stm32cubeide/plugins/com.st.stm32cube.ide.mcu.externaltools.gnu-tools-for-stm32.7-2018-q2-update.win32_1.0.0.201904181610/tools/bin/../lib/gcc/arm-none-eabi/7.3.1/thumb/v6-m/crti.o
 .ARM.attributes
                0x000000000000001e       0x2c e:/program files/st/stm32cubeide_1.3.0/stm32cubeide/plugins/com.st.stm32cube.ide.mcu.externaltools.gnu-tools-for-stm32.7-2018-q2-update.win32_1.0.0.201904181610/tools/bin/../lib/gcc/arm-none-eabi/7.3.1/thumb/v6-m/crtbegin.o
 .ARM.attributes
                0x000000000000004a       0x32 Core/Src/SX1276.o
 .ARM.attributes
                0x000000000000007c       0x32 Core/Src/libSPI.o
 .ARM.attributes
                0x00000000000000ae       0x32 Core/Src/main.o
 .ARM.attributes
                0x00000000000000e0       0x32 Core/Src/stm32l0xx_it.o
 .ARM.attributes
                0x0000000000000112       0x32 Core/Src/sysInit.o
 .ARM.attributes
                0x0000000000000144       0x32 Core/Src/system_stm32l0xx.o
 .ARM.attributes
                0x0000000000000176       0x22 Core/Startup/startup_stm32l051c8tx.o
 .ARM.attributes
                0x0000000000000198       0x2c e:/program files/st/stm32cubeide_1.3.0/stm32cubeide/plugins/com.st.stm32cube.ide.mcu.externaltools.gnu-tools-for-stm32.7-2018-q2-update.win32_1.0.0.201904181610/tools/bin/../lib/gcc/arm-none-eabi/7.3.1/../../../../arm-none-eabi/lib/thumb/v6-m\libc_nano.a(lib_a-init.o)
 .ARM.attributes
                0x00000000000001c4       0x2c e:/program files/st/stm32cubeide_1.3.0/stm32cubeide/plugins/com.st.stm32cube.ide.mcu.externaltools.gnu-tools-for-stm32.7-2018-q2-update.win32_1.0.0.201904181610/tools/bin/../lib/gcc/arm-none-eabi/7.3.1/../../../../arm-none-eabi/lib/thumb/v6-m\libc_nano.a(lib_a-memset.o)
 .ARM.attributes
                0x00000000000001f0       0x1e e:/program files/st/stm32cubeide_1.3.0/stm32cubeide/plugins/com.st.stm32cube.ide.mcu.externaltools.gnu-tools-for-stm32.7-2018-q2-update.win32_1.0.0.201904181610/tools/bin/../lib/gcc/arm-none-eabi/7.3.1/thumb/v6-m/crtn.o
OUTPUT(RHF76-052.elf elf32-littlearm)

.debug_info     0x0000000000000000     0x34e5
 .debug_info    0x0000000000000000      0x940 Core/Src/SX1276.o
 .debug_info    0x0000000000000940      0xd7e Core/Src/libSPI.o
 .debug_info    0x00000000000016be      0xb26 Core/Src/main.o
 .debug_info    0x00000000000021e4      0x97a Core/Src/stm32l0xx_it.o
 .debug_info    0x0000000000002b5e      0x5e8 Core/Src/sysInit.o
 .debug_info    0x0000000000003146      0x37d Core/Src/system_stm32l0xx.o
 .debug_info    0x00000000000034c3       0x22 Core/Startup/startup_stm32l051c8tx.o

.debug_abbrev   0x0000000000000000      0xa44
 .debug_abbrev  0x0000000000000000      0x242 Core/Src/SX1276.o
 .debug_abbrev  0x0000000000000242      0x1fb Core/Src/libSPI.o
 .debug_abbrev  0x000000000000043d      0x20e Core/Src/main.o
 .debug_abbrev  0x000000000000064b      0x174 Core/Src/stm32l0xx_it.o
 .debug_abbrev  0x00000000000007bf      0x173 Core/Src/sysInit.o
 .debug_abbrev  0x0000000000000932      0x100 Core/Src/system_stm32l0xx.o
 .debug_abbrev  0x0000000000000a32       0x12 Core/Startup/startup_stm32l051c8tx.o

.debug_aranges  0x0000000000000000      0x190
 .debug_aranges
                0x0000000000000000       0x70 Core/Src/SX1276.o
 .debug_aranges
                0x0000000000000070       0x28 Core/Src/libSPI.o
 .debug_aranges
                0x0000000000000098       0x38 Core/Src/main.o
 .debug_aranges
                0x00000000000000d0       0x40 Core/Src/stm32l0xx_it.o
 .debug_aranges
                0x0000000000000110       0x30 Core/Src/sysInit.o
 .debug_aranges
                0x0000000000000140       0x28 Core/Src/system_stm32l0xx.o
 .debug_aranges
                0x0000000000000168       0x28 Core/Startup/startup_stm32l051c8tx.o

.debug_ranges   0x0000000000000000      0x128
 .debug_ranges  0x0000000000000000       0x60 Core/Src/SX1276.o
 .debug_ranges  0x0000000000000060       0x18 Core/Src/libSPI.o
 .debug_ranges  0x0000000000000078       0x28 Core/Src/main.o
 .debug_ranges  0x00000000000000a0       0x30 Core/Src/stm32l0xx_it.o
 .debug_ranges  0x00000000000000d0       0x20 Core/Src/sysInit.o
 .debug_ranges  0x00000000000000f0       0x18 Core/Src/system_stm32l0xx.o
 .debug_ranges  0x0000000000000108       0x20 Core/Startup/startup_stm32l051c8tx.o

.debug_macro    0x0000000000000000     0xae57
 .debug_macro   0x0000000000000000       0xb7 Core/Src/SX1276.o
 .debug_macro   0x00000000000000b7      0xa42 Core/Src/SX1276.o
 .debug_macro   0x0000000000000af9       0x28 Core/Src/SX1276.o
 .debug_macro   0x0000000000000b21       0x22 Core/Src/SX1276.o
 .debug_macro   0x0000000000000b43       0x8e Core/Src/SX1276.o
 .debug_macro   0x0000000000000bd1       0x51 Core/Src/SX1276.o
 .debug_macro   0x0000000000000c22       0xef Core/Src/SX1276.o
 .debug_macro   0x0000000000000d11       0x6a Core/Src/SX1276.o
 .debug_macro   0x0000000000000d7b      0x1df Core/Src/SX1276.o
 .debug_macro   0x0000000000000f5a       0x34 Core/Src/SX1276.o
 .debug_macro   0x0000000000000f8e       0x26 Core/Src/SX1276.o
 .debug_macro   0x0000000000000fb4      0x44f Core/Src/SX1276.o
 .debug_macro   0x0000000000001403     0x8233 Core/Src/SX1276.o
 .debug_macro   0x0000000000009636      0x7ca Core/Src/SX1276.o
 .debug_macro   0x0000000000009e00      0x171 Core/Src/libSPI.o
 .debug_macro   0x0000000000009f71       0x40 Core/Src/libSPI.o
 .debug_macro   0x0000000000009fb1       0x18 Core/Src/libSPI.o
 .debug_macro   0x0000000000009fc9       0x94 Core/Src/libSPI.o
 .debug_macro   0x000000000000a05d       0x3c Core/Src/libSPI.o
 .debug_macro   0x000000000000a099       0x34 Core/Src/libSPI.o
 .debug_macro   0x000000000000a0cd      0x174 Core/Src/libSPI.o
 .debug_macro   0x000000000000a241       0x57 Core/Src/libSPI.o
 .debug_macro   0x000000000000a298       0x52 Core/Src/libSPI.o
 .debug_macro   0x000000000000a2ea       0x1f Core/Src/libSPI.o
 .debug_macro   0x000000000000a309       0x43 Core/Src/libSPI.o
 .debug_macro   0x000000000000a34c       0x20 Core/Src/libSPI.o
 .debug_macro   0x000000000000a36c      0x1a3 Core/Src/libSPI.o
 .debug_macro   0x000000000000a50f      0x330 Core/Src/libSPI.o
 .debug_macro   0x000000000000a83f       0x10 Core/Src/libSPI.o
 .debug_macro   0x000000000000a84f       0x35 Core/Src/libSPI.o
 .debug_macro   0x000000000000a884       0x20 Core/Src/libSPI.o
 .debug_macro   0x000000000000a8a4       0x3a Core/Src/libSPI.o
 .debug_macro   0x000000000000a8de       0x10 Core/Src/libSPI.o
 .debug_macro   0x000000000000a8ee      0x194 Core/Src/main.o
 .debug_macro   0x000000000000aa82       0x46 Core/Src/main.o
 .debug_macro   0x000000000000aac8      0x19e Core/Src/stm32l0xx_it.o
 .debug_macro   0x000000000000ac66       0xb2 Core/Src/sysInit.o
 .debug_macro   0x000000000000ad18       0xd5 Core/Src/system_stm32l0xx.o
 .debug_macro   0x000000000000aded       0x2e Core/Src/system_stm32l0xx.o
 .debug_macro   0x000000000000ae1b       0x3c Core/Src/system_stm32l0xx.o

.debug_line     0x0000000000000000     0x274d
 .debug_line    0x0000000000000000      0x6cc Core/Src/SX1276.o
 .debug_line    0x00000000000006cc      0x720 Core/Src/libSPI.o
 .debug_line    0x0000000000000dec      0x762 Core/Src/main.o
 .debug_line    0x000000000000154e      0x76b Core/Src/stm32l0xx_it.o
 .debug_line    0x0000000000001cb9      0x518 Core/Src/sysInit.o
 .debug_line    0x00000000000021d1      0x4f2 Core/Src/system_stm32l0xx.o
 .debug_line    0x00000000000026c3       0x8a Core/Startup/startup_stm32l051c8tx.o

.debug_str      0x0000000000000000    0x3834e
 .debug_str     0x0000000000000000    0x34b24 Core/Src/SX1276.o
                                      0x34da4 (size before relaxing)
 .debug_str     0x0000000000034b24     0x3258 Core/Src/libSPI.o
                                      0x35dbc (size before relaxing)
 .debug_str     0x0000000000037d7c       0x97 Core/Src/main.o
                                      0x37d17 (size before relaxing)
 .debug_str     0x0000000000037e13       0x76 Core/Src/stm32l0xx_it.o
                                      0x37ca1 (size before relaxing)
 .debug_str     0x0000000000037e89       0xbb Core/Src/sysInit.o
                                      0x32ae3 (size before relaxing)
 .debug_str     0x0000000000037f44      0x3d4 Core/Src/system_stm32l0xx.o
                                      0x32c0d (size before relaxing)
 .debug_str     0x0000000000038318       0x36 Core/Startup/startup_stm32l051c8tx.o
                                         0x77 (size before relaxing)

.comment        0x0000000000000000       0x7b
 .comment       0x0000000000000000       0x7b Core/Src/SX1276.o
                                         0x7c (size before relaxing)
 .comment       0x000000000000007b       0x7c Core/Src/libSPI.o
 .comment       0x000000000000007b       0x7c Core/Src/main.o
 .comment       0x000000000000007b       0x7c Core/Src/stm32l0xx_it.o
 .comment       0x000000000000007b       0x7c Core/Src/sysInit.o
 .comment       0x000000000000007b       0x7c Core/Src/system_stm32l0xx.o

.debug_frame    0x0000000000000000      0x3dc
 .debug_frame   0x0000000000000000      0x168 Core/Src/SX1276.o
 .debug_frame   0x0000000000000168       0x4c Core/Src/libSPI.o
 .debug_frame   0x00000000000001b4       0x8c Core/Src/main.o
 .debug_frame   0x0000000000000240       0x9c Core/Src/stm32l0xx_it.o
 .debug_frame   0x00000000000002dc       0x68 Core/Src/sysInit.o
 .debug_frame   0x0000000000000344       0x4c Core/Src/system_stm32l0xx.o
 .debug_frame   0x0000000000000390       0x2c e:/program files/st/stm32cubeide_1.3.0/stm32cubeide/plugins/com.st.stm32cube.ide.mcu.externaltools.gnu-tools-for-stm32.7-2018-q2-update.win32_1.0.0.201904181610/tools/bin/../lib/gcc/arm-none-eabi/7.3.1/../../../../arm-none-eabi/lib/thumb/v6-m\libc_nano.a(lib_a-init.o)
 .debug_frame   0x00000000000003bc       0x20 e:/program files/st/stm32cubeide_1.3.0/stm32cubeide/plugins/com.st.stm32cube.ide.mcu.externaltools.gnu-tools-for-stm32.7-2018-q2-update.win32_1.0.0.201904181610/tools/bin/../lib/gcc/arm-none-eabi/7.3.1/../../../../arm-none-eabi/lib/thumb/v6-m\libc_nano.a(lib_a-memset.o)
